Archive member included to satisfy reference by file (symbol)

c:/nxp/mcuxpressoide_11.2.0_4120/ide/plugins/com.nxp.mcuxpresso.tools.win32_11.2.0.202001021529/tools/bin/../lib/gcc/arm-none-eabi/9.2.1/../../../../arm-none-eabi/lib/thumb/v6-m/nofp\libcr_nohost_nf.a(__ciob.o)
                              ./source/command_line.o (__Ciob)
c:/nxp/mcuxpressoide_11.2.0_4120/ide/plugins/com.nxp.mcuxpresso.tools.win32_11.2.0.202001021529/tools/bin/../lib/gcc/arm-none-eabi/9.2.1/../../../../arm-none-eabi/lib/thumb/v6-m/nofp\libcr_nohost_nf.a(_cr__main.o)
                              ./startup/startup_mkl25z4.o (__main)
c:/nxp/mcuxpressoide_11.2.0_4120/ide/plugins/com.nxp.mcuxpresso.tools.win32_11.2.0.202001021529/tools/bin/../lib/gcc/arm-none-eabi/9.2.1/../../../../arm-none-eabi/lib/thumb/v6-m/nofp\libcr_c.a(memcpy.o)
                              ./drivers/fsl_flash.o (memcpy)
c:/nxp/mcuxpressoide_11.2.0_4120/ide/plugins/com.nxp.mcuxpresso.tools.win32_11.2.0.202001021529/tools/bin/../lib/gcc/arm-none-eabi/9.2.1/../../../../arm-none-eabi/lib/thumb/v6-m/nofp\libcr_c.a(memset.o)
                              ./source/UART.o (memset)
c:/nxp/mcuxpressoide_11.2.0_4120/ide/plugins/com.nxp.mcuxpresso.tools.win32_11.2.0.202001021529/tools/bin/../lib/gcc/arm-none-eabi/9.2.1/../../../../arm-none-eabi/lib/thumb/v6-m/nofp\libcr_c.a(_deferredlazyseek.o)
                              ./source/command_line.o (__flsbuf)
c:/nxp/mcuxpressoide_11.2.0_4120/ide/plugins/com.nxp.mcuxpresso.tools.win32_11.2.0.202001021529/tools/bin/../lib/gcc/arm-none-eabi/9.2.1/../../../../arm-none-eabi/lib/thumb/v6-m/nofp\libcr_c.a(_fflush.o)
                              c:/nxp/mcuxpressoide_11.2.0_4120/ide/plugins/com.nxp.mcuxpresso.tools.win32_11.2.0.202001021529/tools/bin/../lib/gcc/arm-none-eabi/9.2.1/../../../../arm-none-eabi/lib/thumb/v6-m/nofp\libcr_c.a(_deferredlazyseek.o) (_fflush)
c:/nxp/mcuxpressoide_11.2.0_4120/ide/plugins/com.nxp.mcuxpresso.tools.win32_11.2.0.202001021529/tools/bin/../lib/gcc/arm-none-eabi/9.2.1/../../../../arm-none-eabi/lib/thumb/v6-m/nofp\libcr_c.a(_writebuf.o)
                              c:/nxp/mcuxpressoide_11.2.0_4120/ide/plugins/com.nxp.mcuxpresso.tools.win32_11.2.0.202001021529/tools/bin/../lib/gcc/arm-none-eabi/9.2.1/../../../../arm-none-eabi/lib/thumb/v6-m/nofp\libcr_c.a(_deferredlazyseek.o) (_Cwritebuf)
c:/nxp/mcuxpressoide_11.2.0_4120/ide/plugins/com.nxp.mcuxpresso.tools.win32_11.2.0.202001021529/tools/bin/../lib/gcc/arm-none-eabi/9.2.1/../../../../arm-none-eabi/lib/thumb/v6-m/nofp\libcr_c.a(alloc.o)
                              c:/nxp/mcuxpressoide_11.2.0_4120/ide/plugins/com.nxp.mcuxpresso.tools.win32_11.2.0.202001021529/tools/bin/../lib/gcc/arm-none-eabi/9.2.1/../../../../arm-none-eabi/lib/thumb/v6-m/nofp\libcr_c.a(_deferredlazyseek.o) (_Csys_alloc)
c:/nxp/mcuxpressoide_11.2.0_4120/ide/plugins/com.nxp.mcuxpresso.tools.win32_11.2.0.202001021529/tools/bin/../lib/gcc/arm-none-eabi/9.2.1/../../../../arm-none-eabi/lib/thumb/v6-m/nofp\libcr_c.a(atan2.o)
                              ./source/accelerometer.o (atan2)
c:/nxp/mcuxpressoide_11.2.0_4120/ide/plugins/com.nxp.mcuxpresso.tools.win32_11.2.0.202001021529/tools/bin/../lib/gcc/arm-none-eabi/9.2.1/../../../../arm-none-eabi/lib/thumb/v6-m/nofp\libcr_c.a(errno.o)
                              c:/nxp/mcuxpressoide_11.2.0_4120/ide/plugins/com.nxp.mcuxpresso.tools.win32_11.2.0.202001021529/tools/bin/../lib/gcc/arm-none-eabi/9.2.1/../../../../arm-none-eabi/lib/thumb/v6-m/nofp\libcr_c.a(atan2.o) (errno)
c:/nxp/mcuxpressoide_11.2.0_4120/ide/plugins/com.nxp.mcuxpresso.tools.win32_11.2.0.202001021529/tools/bin/../lib/gcc/arm-none-eabi/9.2.1/../../../../arm-none-eabi/lib/thumb/v6-m/nofp\libcr_c.a(fabs.o)
                              c:/nxp/mcuxpressoide_11.2.0_4120/ide/plugins/com.nxp.mcuxpresso.tools.win32_11.2.0.202001021529/tools/bin/../lib/gcc/arm-none-eabi/9.2.1/../../../../arm-none-eabi/lib/thumb/v6-m/nofp\libcr_c.a(atan2.o) (fabs)
c:/nxp/mcuxpressoide_11.2.0_4120/ide/plugins/com.nxp.mcuxpresso.tools.win32_11.2.0.202001021529/tools/bin/../lib/gcc/arm-none-eabi/9.2.1/../../../../arm-none-eabi/lib/thumb/v6-m/nofp\libcr_c.a(fseek.o)
                              c:/nxp/mcuxpressoide_11.2.0_4120/ide/plugins/com.nxp.mcuxpresso.tools.win32_11.2.0.202001021529/tools/bin/../lib/gcc/arm-none-eabi/9.2.1/../../../../arm-none-eabi/lib/thumb/v6-m/nofp\libcr_c.a(_deferredlazyseek.o) (fseek)
c:/nxp/mcuxpressoide_11.2.0_4120/ide/plugins/com.nxp.mcuxpresso.tools.win32_11.2.0.202001021529/tools/bin/../lib/gcc/arm-none-eabi/9.2.1/../../../../arm-none-eabi/lib/thumb/v6-m/nofp\libcr_c.a(ftell.o)
                              c:/nxp/mcuxpressoide_11.2.0_4120/ide/plugins/com.nxp.mcuxpresso.tools.win32_11.2.0.202001021529/tools/bin/../lib/gcc/arm-none-eabi/9.2.1/../../../../arm-none-eabi/lib/thumb/v6-m/nofp\libcr_c.a(fseek.o) (ftell)
[...]
Memory Configuration

Name             Origin             Length             Attributes
PROGRAM_FLASH    0x00000000         0x00020000         xr
SRAM             0x1ffff000         0x00004000         xrw
*default*        0x00000000         0xffffffff

Linker script and memory map

LOAD ./utilities/fsl_debug_console.o
LOAD ./startup/startup_mkl25z4.o
LOAD ./source/PES_Final_Project.o
LOAD ./source/UART.o
LOAD ./source/accelerometer.o
LOAD ./source/adc.o
LOAD ./source/cbfifo.o
LOAD ./source/command_line.o
LOAD ./source/command_process.o
LOAD ./source/delay.o
LOAD ./source/gpio.o
LOAD ./source/i2c.o
LOAD ./source/mtb.o
LOAD ./source/semihost_hardfault.o
LOAD ./source/sysclock.o
LOAD ./source/test_cbfifo.o
LOAD ./source/test_i2c.o
LOAD ./drivers/fsl_clock.o
LOAD ./drivers/fsl_common.o
LOAD ./drivers/fsl_flash.o
LOAD ./drivers/fsl_gpio.o
LOAD ./drivers/fsl_lpsci.o
LOAD ./drivers/fsl_smc.o
LOAD ./drivers/fsl_uart.o
LOAD ./board/board.o
LOAD ./board/clock_config.o
LOAD ./board/peripherals.o
LOAD ./board/pin_mux.o
LOAD ./CMSIS/hexdump.o
LOAD ./CMSIS/system_MKL25Z4.o
START GROUP
LOAD c:/nxp/mcuxpressoide_11.2.0_4120/ide/plugins/com.nxp.mcuxpresso.tools.win32_11.2.0.202001021529/tools/bin/../lib/gcc/arm-none-eabi/9.2.1/../../../../arm-none-eabi/lib/thumb/v6-m/nofp\libcr_nohost_nf.a
LOAD c:/nxp/mcuxpressoide_11.2.0_4120/ide/plugins/com.nxp.mcuxpresso.tools.win32_11.2.0.202001021529/tools/bin/../lib/gcc/arm-none-eabi/9.2.1/../../../../arm-none-eabi/lib/thumb/v6-m/nofp\libcr_c.a
LOAD c:/nxp/mcuxpressoide_11.2.0_4120/ide/plugins/com.nxp.mcuxpresso.tools.win32_11.2.0.202001021529/tools/bin/../lib/gcc/arm-none-eabi/9.2.1/thumb/v6-m/nofp\libcr_eabihelpers.a
LOAD c:/nxp/mcuxpressoide_11.2.0_4120/ide/plugins/com.nxp.mcuxpresso.tools.win32_11.2.0.202001021529/tools/bin/../lib/gcc/arm-none-eabi/9.2.1/thumb/v6-m/nofp\libgcc.a
END GROUP
                0x00000000                __base_PROGRAM_FLASH = 0x0
                0x00000000                __base_Flash = 0x0
                0x00020000                __top_PROGRAM_FLASH = 0x20000
                0x00020000                __top_Flash = 0x20000
                0x1ffff000                __base_SRAM = 0x1ffff000
                0x1ffff000                __base_RAM = 0x1ffff000
                0x20003000                __top_SRAM = 0x20003000
                0x20003000                __top_RAM = 0x20003000

.text           0x00000000     0x74b4
 FILL mask 0xff
                0x00000000                __vectors_start__ = ABSOLUTE (.)
 *(SORT_BY_ALIGNMENT(.isr_vector))
 .isr_vector    0x00000000       0xc0 ./startup/startup_mkl25z4.o
                0x00000000                g_pfnVectors
                0x00000000                __Vectors
                0x000000c0                . = ALIGN (0x4)
                0x000000c0                __section_table_start = .
                0x000000c0                __data_section_table = .
                0x000000c0        0x4 LONG 0x74b4 LOADADDR (.data)
                0x000000c4        0x4 LONG 0x1ffff080 ADDR (.data)
                0x000000c8        0x4 LONG 0x38 SIZEOF (.data)
                0x000000cc                __data_section_table_end = .
                0x000000cc                __bss_section_table = .
                0x000000cc        0x4 LONG 0x1ffff0b8 ADDR (.bss)
                0x000000d0        0x4 LONG 0x990 SIZEOF (.bss)
                0x000000d4                __bss_section_table_end = .
                0x000000d4                __section_table_end = .
 *(SORT_BY_ALIGNMENT(.after_vectors*))
 .after_vectors.reset
                0x000000d4       0x4c ./startup/startup_mkl25z4.o
                0x000000d4                ResetISR
 .after_vectors.init_data
                0x00000120       0x12 ./startup/startup_mkl25z4.o
                0x00000120                data_init
 .after_vectors.init_bss
                0x00000132       0x10 ./startup/startup_mkl25z4.o
                0x00000132                bss_init
 .after_vectors
                0x00000142      0x10c ./startup/startup_mkl25z4.o
                0x00000142                NMI_Handler
                0x00000146                SVC_Handler
                0x00000148                PendSV_Handler
                0x0000014a                SysTick_Handler
                0x0000014c                LPTMR0_DriverIRQHandler
                0x0000014c                Reserved39_DriverIRQHandler
                0x0000014c                DMA0_DriverIRQHandler
                0x0000014c                SPI1_DriverIRQHandler
                0x0000014c                I2C0_DriverIRQHandler
                0x0000014c                PORTD_DriverIRQHandler
                0x0000014c                DMA2_DriverIRQHandler
                0x0000014c                TPM2_DriverIRQHandler
                0x0000014c                CMP0_DriverIRQHandler
                0x0000014c                ADC0_DriverIRQHandler
                0x0000014c                TSI0_DriverIRQHandler
                0x0000014c                RTC_Seconds_DriverIRQHandler
                0x0000014c                SPI0_DriverIRQHandler
                0x0000014c                LLWU_DriverIRQHandler
                0x0000014c                MCG_DriverIRQHandler
                0x0000014c                I2C1_DriverIRQHandler
                0x0000014c                DMA1_DriverIRQHandler
                0x0000014c                PIT_DriverIRQHandler
                0x0000014c                FTFA_DriverIRQHandler
                0x0000014c                IntDefaultHandler
                0x0000014c                USB0_DriverIRQHandler
                0x0000014c                DAC0_DriverIRQHandler
                0x0000014c                RTC_DriverIRQHandler
                0x0000014c                LVD_LVW_DriverIRQHandler
                0x0000014c                TPM0_DriverIRQHandler
                0x0000014c                TPM1_DriverIRQHandler
                0x0000014c                PORTA_DriverIRQHandler
                0x0000014c                Reserved20_DriverIRQHandler
                0x0000014c                DMA3_DriverIRQHandler
                0x0000014c                Reserved45_DriverIRQHandler
                0x0000014e                DMA0_IRQHandler
                0x00000156                DMA1_IRQHandler
                0x0000015e                DMA2_IRQHandler
                0x00000166                DMA3_IRQHandler
                0x0000016e                Reserved20_IRQHandler
                0x00000176                FTFA_IRQHandler
                0x0000017e                LVD_LVW_IRQHandler
                0x00000186                LLWU_IRQHandler
                0x0000018e                I2C0_IRQHandler
                0x00000196                I2C1_IRQHandler
                0x0000019e                SPI0_IRQHandler
                0x000001a6                SPI1_IRQHandler
                0x000001be                UART2_IRQHandler
                0x000001c6                ADC0_IRQHandler
                0x000001ce                CMP0_IRQHandler
                0x000001d6                TPM0_IRQHandler
                0x000001de                TPM1_IRQHandler
                0x000001e6                TPM2_IRQHandler
                0x000001ee                RTC_IRQHandler
                0x000001f6                RTC_Seconds_IRQHandler
                0x000001fe                PIT_IRQHandler
                0x00000206                Reserved39_IRQHandler
                0x0000020e                USB0_IRQHandler
                0x00000216                DAC0_IRQHandler
                0x0000021e                TSI0_IRQHandler
                0x00000226                MCG_IRQHandler
                0x0000022e                LPTMR0_IRQHandler
                0x00000236                Reserved45_IRQHandler
                0x0000023e                PORTA_IRQHandler
                0x00000246                PORTD_IRQHandler
                0x00000400                . = 0x400
 *fill*         0x0000024e      0x1b2 ff
                0x00000400                PROVIDE (__FLASH_CONFIG_START__ = .)
 *(SORT_BY_ALIGNMENT(.FlashConfig))
 .FlashConfig   0x00000400       0x10 ./startup/startup_mkl25z4.o
                0x00000400                Flash_Config
                0x00000410                PROVIDE (__FLASH_CONFIG_END__ = .)
                0x00000001                ASSERT (! ((__FLASH_CONFIG_START__ == __FLASH_CONFIG_END__)), Linker Flash Config Support Enabled, but no .FlashConfig section provided within application)
 *(SORT_BY_ALIGNMENT(.text*))
 .text.DbgConsole_Init
                0x00000410       0xf4 ./utilities/fsl_debug_console.o
                0x00000410                DbgConsole_Init
 .text.DbgConsole_Printf
                0x00000504       0x44 ./utilities/fsl_debug_console.o
                0x00000504                DbgConsole_Printf
 .text.DbgConsole_Putchar
                0x00000548       0x34 ./utilities/fsl_debug_console.o
                0x00000548                DbgConsole_Putchar
 .text.main     0x0000057c       0x80 ./source/PES_Final_Project.o
                0x0000057c                main
 .text.NVIC_EnableIRQ
                0x000005fc       0x2c ./source/UART.o
 .text.NVIC_ClearPendingIRQ
                0x00000628       0x30 ./source/UART.o
 .text.NVIC_SetPriority
                0x00000658       0xdc ./source/UART.o
 .text.Init_UART0
                0x00000734      0x160 ./source/UART.o
                0x00000734                Init_UART0
 .text.UART0_IRQHandler
                0x00000894       0xbc ./source/UART.o
                0x00000894                UART0_IRQHandler
 .text.__sys_write
                0x00000950       0x64 ./source/UART.o
                0x00000950                __sys_write
 .text.Init_UART1
                0x000009b4      0x174 ./source/UART.o
                0x000009b4                Init_UART1
 .text.transmit_data1
                0x00000b28       0x58 ./source/UART.o
                0x00000b28                transmit_data1
 .text.UART1_IRQHandler
                0x00000b80       0x4c ./source/UART.o
                0x00000b80                UART1_IRQHandler
 .text.modbus_read
                0x00000bcc       0x9c ./source/UART.o
                0x00000bcc                modbus_read
 .text.read_full_xyz
                0x00000c68       0xf8 ./source/accelerometer.o
                0x00000c68                read_full_xyz
 .text.Init_ADC
                0x00000d60       0x78 ./source/adc.o
                0x00000d60                Init_ADC
 .text.adc_read
                0x00000dd8       0x30 ./source/adc.o
                0x00000dd8                adc_read
 .text.adc_cal  0x00000e08       0xf0 ./source/adc.o
                0x00000e08                adc_cal
 .text.cbfifo_enqueue
                0x00000ef8      0x1a8 ./source/cbfifo.o
                0x00000ef8                cbfifo_enqueue
 .text.cbfifo_dequeue
                0x000010a0      0x194 ./source/cbfifo.o
                0x000010a0                cbfifo_dequeue
 .text.cbfifo_length
                0x00001234       0x30 ./source/cbfifo.o
                0x00001234                cbfifo_length
 .text.serial_input
                0x00001264      0x130 ./source/command_line.o
                0x00001264                serial_input
 .text.author_handler
                0x00001394       0x2c ./source/command_process.o
 .text.temp_handler
                0x000013c0       0xb4 ./source/command_process.o
 .text.i2c_handler
                0x00001474       0x24 ./source/command_process.o
 .text.rs485_handler
                0x00001498       0x9c ./source/command_process.o
 .text.dump_handler
                0x00001534       0xf0 ./source/command_process.o
 .text.help_handler
                0x00001624       0x5c ./source/command_process.o
 .text.info_handler
                0x00001680       0x38 ./source/command_process.o
 .text.process_command
                0x000016b8      0x13c ./source/command_process.o
                0x000016b8                process_command
 .text.PORTB_CLK
                0x000017f4       0x24 ./source/gpio.o
                0x000017f4                PORTB_CLK
 .text.PORTD_CLK
                0x00001818       0x24 ./source/gpio.o
                0x00001818                PORTD_CLK
 .text.INIT_LED
                0x0000183c       0x94 ./source/gpio.o
                0x0000183c                INIT_LED
 .text.INIT_RW_PIN
                0x000018d0       0x3c ./source/gpio.o
                0x000018d0                INIT_RW_PIN
 .text.RED_ON   0x0000190c       0x1c ./source/gpio.o
                0x0000190c                RED_ON
 .text.RED_OFF  0x00001928       0x1c ./source/gpio.o
                0x00001928                RED_OFF
 .text.GREEN_ON
                0x00001944       0x1c ./source/gpio.o
                0x00001944                GREEN_ON
 .text.GREEN_OFF
                0x00001960       0x1c ./source/gpio.o
                0x00001960                GREEN_OFF
 .text.BLUE_ON  0x0000197c       0x1c ./source/gpio.o
                0x0000197c                BLUE_ON
 .text.BLUE_OFF
                0x00001998       0x1c ./source/gpio.o
                0x00001998                BLUE_OFF
 .text.REDE_ON  0x000019b4       0x1c ./source/gpio.o
                0x000019b4                REDE_ON
 .text.REDE_OFF
                0x000019d0       0x1c ./source/gpio.o
                0x000019d0                REDE_OFF
 .text.Init_I2C
                0x000019ec       0x84 ./source/i2c.o
                0x000019ec                Init_I2C
 .text.i2c_busy
                0x00001a70      0x174 ./source/i2c.o
                0x00001a70                i2c_busy
 .text.i2c_wait
                0x00001be4       0x6c ./source/i2c.o
                0x00001be4                i2c_wait
 .text.i2c_start
                0x00001c50       0x30 ./source/i2c.o
                0x00001c50                i2c_start
 .text.i2c_read_setup
                0x00001c80       0x68 ./source/i2c.o
                0x00001c80                i2c_read_setup
 .text.i2c_repeated_read
                0x00001ce8       0x80 ./source/i2c.o
                0x00001ce8                i2c_repeated_read
 .text.i2c_read_byte
                0x00001d68       0xc4 ./source/i2c.o
                0x00001d68                i2c_read_byte
 .text.i2c_write_byte
                0x00001e2c       0x80 ./source/i2c.o
                0x00001e2c                i2c_write_byte
 .text.HardFault_Handler
                0x00001eac       0x30 ./source/semihost_hardfault.o
                0x00001eac                HardFault_Handler
 .text.test_i2c
                0x00001edc       0x3c ./source/test_i2c.o
                0x00001edc                test_i2c
 .text.CLOCK_SetEr32kClock
                0x00001f18       0x34 ./drivers/fsl_clock.o
 .text.CLOCK_SetPllFllSelClock
                0x00001f4c       0x38 ./drivers/fsl_clock.o
 .text.CLOCK_GetMcgExtClkFreq
                0x00001f84       0x28 ./drivers/fsl_clock.o
 .text.CLOCK_GetFllExtRefClkFreq
                0x00001fac       0xa8 ./drivers/fsl_clock.o
 .text.CLOCK_GetFllRefClkFreq
                0x00002054       0x2c ./drivers/fsl_clock.o
 .text.CLOCK_GetOscRangeFromFreq
                0x00002080       0x4c ./drivers/fsl_clock.o
 .text.CLOCK_GetPllFllSelClkFreq
                0x000020cc       0x4c ./drivers/fsl_clock.o
                0x000020cc                CLOCK_GetPllFllSelClkFreq
 .text.CLOCK_SetSimConfig
                0x00002118       0x38 ./drivers/fsl_clock.o
                0x00002118                CLOCK_SetSimConfig
 .text.CLOCK_GetFllFreq
                0x00002150       0x84 ./drivers/fsl_clock.o
                0x00002150                CLOCK_GetFllFreq
 .text.CLOCK_GetPll0Freq
                0x000021d4       0x70 ./drivers/fsl_clock.o
                0x000021d4                CLOCK_GetPll0Freq
 .text.CLOCK_SetInternalRefClkConfig
                0x00002244      0x124 ./drivers/fsl_clock.o
                0x00002244                CLOCK_SetInternalRefClkConfig
 .text.CLOCK_EnablePll0
                0x00002368       0x94 ./drivers/fsl_clock.o
                0x00002368                CLOCK_EnablePll0
 .text.CLOCK_InitOsc0
                0x000023fc       0x94 ./drivers/fsl_clock.o
                0x000023fc                CLOCK_InitOsc0
 .text.CLOCK_SetPbeMode
                0x00002490       0xb0 ./drivers/fsl_clock.o
                0x00002490                CLOCK_SetPbeMode
 .text.CLOCK_BootToPeeMode
                0x00002540       0x70 ./drivers/fsl_clock.o
                0x00002540                CLOCK_BootToPeeMode
 .text.__assertion_failed
                0x000025b0       0x1c ./drivers/fsl_common.o
                0x000025b0                __assertion_failed
 .text.CLOCK_EnableClock
                0x000025cc       0x34 ./drivers/fsl_lpsci.o
 .text.LPSCI_GetInstance
                0x00002600       0x48 ./drivers/fsl_lpsci.o
                0x00002600                LPSCI_GetInstance
 .text.LPSCI_Init
                0x00002648      0x258 ./drivers/fsl_lpsci.o
                0x00002648                LPSCI_Init
 .text.LPSCI_GetDefaultConfig
                0x000028a0       0x44 ./drivers/fsl_lpsci.o
                0x000028a0                LPSCI_GetDefaultConfig
 .text.LPSCI_ClearStatusFlags
                0x000028e4       0x94 ./drivers/fsl_lpsci.o
                0x000028e4                LPSCI_ClearStatusFlags
 .text.LPSCI_WriteBlocking
                0x00002978       0x4c ./drivers/fsl_lpsci.o
                0x00002978                LPSCI_WriteBlocking
 .text.LPSCI_ReadBlocking
                0x000029c4       0xc0 ./drivers/fsl_lpsci.o
                0x000029c4                LPSCI_ReadBlocking
 .text.UART0_DriverIRQHandler
                0x00002a84       0x24 ./drivers/fsl_lpsci.o
                0x00002a84                UART0_DriverIRQHandler
 .text.CLOCK_EnableClock
                0x00002aa8       0x34 ./drivers/fsl_uart.o
 .text.UART_GetInstance
                0x00002adc       0x54 ./drivers/fsl_uart.o
                0x00002adc                UART_GetInstance
 .text.UART_Init
                0x00002b30      0x1e0 ./drivers/fsl_uart.o
                0x00002b30                UART_Init
 .text.UART_GetDefaultConfig
                0x00002d10       0x44 ./drivers/fsl_uart.o
                0x00002d10                UART_GetDefaultConfig
 .text.UART_ReadBlocking
                0x00002d54       0x98 ./drivers/fsl_uart.o
                0x00002d54                UART_ReadBlocking
 .text.UART1_DriverIRQHandler
                0x00002dec       0x24 ./drivers/fsl_uart.o
                0x00002dec                UART1_DriverIRQHandler
 .text.UART2_DriverIRQHandler
                0x00002e10       0x24 ./drivers/fsl_uart.o
                0x00002e10                UART2_DriverIRQHandler
 .text.CLOCK_SetLpsci0Clock
                0x00002e34       0x38 ./board/board.o
 .text.BOARD_InitDebugConsole
                0x00002e6c       0x30 ./board/board.o
                0x00002e6c                BOARD_InitDebugConsole
 .text.CLOCK_SetSimSafeDivs
                0x00002e9c       0x20 ./board/clock_config.o
 .text.CLOCK_SetXtal0Freq
                0x00002ebc       0x1c ./board/clock_config.o
 .text.CLOCK_CONFIG_SetFllExtRefDiv
                0x00002ed8       0x3c ./board/clock_config.o
 .text.BOARD_BootClockRUN
                0x00002f14       0x64 ./board/clock_config.o
                0x00002f14                BOARD_BootClockRUN
 .text.CLOCK_EnableClock
                0x00002f78       0x34 ./board/pin_mux.o
 .text.PORT_SetPinMux
                0x00002fac       0x40 ./board/pin_mux.o
 .text.BOARD_InitPins
                0x00002fec       0x4c ./board/pin_mux.o
                0x00002fec                BOARD_InitPins
 .text.SystemInit
                0x00003038       0x18 ./CMSIS/system_MKL25Z4.o
                0x00003038                SystemInit
 .text._deferredlazyseek
                0x00003050       0x40 c:/nxp/mcuxpressoide_11.2.0_4120/ide/plugins/com.nxp.mcuxpresso.tools.win32_11.2.0.202001021529/tools/bin/../lib/gcc/arm-none-eabi/9.2.1/../../../../arm-none-eabi/lib/thumb/v6-m/nofp\libcr_c.a(_deferredlazyseek.o)
                0x00003050                _deferredlazyseek
 .text.__flsbuf
                0x00003090      0x150 c:/nxp/mcuxpressoide_11.2.0_4120/ide/plugins/com.nxp.mcuxpresso.tools.win32_11.2.0.202001021529/tools/bin/../lib/gcc/arm-none-eabi/9.2.1/../../../../arm-none-eabi/lib/thumb/v6-m/nofp\libcr_c.a(_deferredlazyseek.o)
                0x00003090                __flsbuf
 .text._fflush  0x000031e0       0x60 c:/nxp/mcuxpressoide_11.2.0_4120/ide/plugins/com.nxp.mcuxpresso.tools.win32_11.2.0.202001021529/tools/bin/../lib/gcc/arm-none-eabi/9.2.1/../../../../arm-none-eabi/lib/thumb/v6-m/nofp\libcr_c.a(_fflush.o)
                0x000031e0                _fflush
 .text._Cwritebuf
                0x00003240       0x68 c:/nxp/mcuxpressoide_11.2.0_4120/ide/plugins/com.nxp.mcuxpresso.tools.win32_11.2.0.202001021529/tools/bin/../lib/gcc/arm-none-eabi/9.2.1/../../../../arm-none-eabi/lib/thumb/v6-m/nofp\libcr_c.a(_writebuf.o)
                0x00003240                _Cwritebuf
 .text.malloc   0x000032a8       0xd0 c:/nxp/mcuxpressoide_11.2.0_4120/ide/plugins/com.nxp.mcuxpresso.tools.win32_11.2.0.202001021529/tools/bin/../lib/gcc/arm-none-eabi/9.2.1/../../../../arm-none-eabi/lib/thumb/v6-m/nofp\libcr_c.a(alloc.o)
                0x000032a8                malloc
 .text._Csys_alloc
                0x00003378       0x20 c:/nxp/mcuxpressoide_11.2.0_4120/ide/plugins/com.nxp.mcuxpresso.tools.win32_11.2.0.202001021529/tools/bin/../lib/gcc/arm-none-eabi/9.2.1/../../../../arm-none-eabi/lib/thumb/v6-m/nofp\libcr_c.a(alloc.o)
                0x00003378                _Csys_alloc
 .text.fseek    0x00003398       0xf4 c:/nxp/mcuxpressoide_11.2.0_4120/ide/plugins/com.nxp.mcuxpresso.tools.win32_11.2.0.202001021529/tools/bin/../lib/gcc/arm-none-eabi/9.2.1/../../../../arm-none-eabi/lib/thumb/v6-m/nofp\libcr_c.a(fseek.o)
                0x00003398                fseek
 .text.ftell    0x0000348c       0x48 c:/nxp/mcuxpressoide_11.2.0_4120/ide/plugins/com.nxp.mcuxpresso.tools.win32_11.2.0.202001021529/tools/bin/../lib/gcc/arm-none-eabi/9.2.1/../../../../arm-none-eabi/lib/thumb/v6-m/nofp\libcr_c.a(ftell.o)
                0x0000348c                ftell
 .text._initio  0x000034d4       0x7c c:/nxp/mcuxpressoide_11.2.0_4120/ide/plugins/com.nxp.mcuxpresso.tools.win32_11.2.0.202001021529/tools/bin/../lib/gcc/arm-none-eabi/9.2.1/../../../../arm-none-eabi/lib/thumb/v6-m/nofp\libcr_c.a(initio.o)
                0x000034d4                _initio
 .text.__vfprintf
                0x00003550      0xd40 c:/nxp/mcuxpressoide_11.2.0_4120/ide/plugins/com.nxp.mcuxpresso.tools.win32_11.2.0.202001021529/tools/bin/../lib/gcc/arm-none-eabi/9.2.1/../../../../arm-none-eabi/lib/thumb/v6-m/nofp\libcr_c.a(printf.o)
                0x00003550                __vfprintf
 .text._vsnprintf
                0x00004290       0x70 c:/nxp/mcuxpressoide_11.2.0_4120/ide/plugins/com.nxp.mcuxpresso.tools.win32_11.2.0.202001021529/tools/bin/../lib/gcc/arm-none-eabi/9.2.1/../../../../arm-none-eabi/lib/thumb/v6-m/nofp\libcr_c.a(printf.o)
                0x00004290                _vsnprintf
 .text._printf  0x00004300       0x50 c:/nxp/mcuxpressoide_11.2.0_4120/ide/plugins/com.nxp.mcuxpresso.tools.win32_11.2.0.202001021529/tools/bin/../lib/gcc/arm-none-eabi/9.2.1/../../../../arm-none-eabi/lib/thumb/v6-m/nofp\libcr_c.a(printf.o)
                0x00004300                _printf
 .text.ch_val   0x00004350       0x30 c:/nxp/mcuxpressoide_11.2.0_4120/ide/plugins/com.nxp.mcuxpresso.tools.win32_11.2.0.202001021529/tools/bin/../lib/gcc/arm-none-eabi/9.2.1/../../../../arm-none-eabi/lib/thumb/v6-m/nofp\libcr_c.a(scanf.o)
 .text.cr_rd_int
                0x00004380      0x1c0 c:/nxp/mcuxpressoide_11.2.0_4120/ide/plugins/com.nxp.mcuxpresso.tools.win32_11.2.0.202001021529/tools/bin/../lib/gcc/arm-none-eabi/9.2.1/../../../../arm-none-eabi/lib/thumb/v6-m/nofp\libcr_c.a(scanf.o)
 .text.vfscanf  0x00004540      0x998 c:/nxp/mcuxpressoide_11.2.0_4120/ide/plugins/com.nxp.mcuxpresso.tools.win32_11.2.0.202001021529/tools/bin/../lib/gcc/arm-none-eabi/9.2.1/../../../../arm-none-eabi/lib/thumb/v6-m/nofp\libcr_c.a(scanf.o)
                0x00004540                vfscanf
 .text.setvbuf  0x00004ed8       0x4c c:/nxp/mcuxpressoide_11.2.0_4120/ide/plugins/com.nxp.mcuxpresso.tools.win32_11.2.0.202001021529/tools/bin/../lib/gcc/arm-none-eabi/9.2.1/../../../../arm-none-eabi/lib/thumb/v6-m/nofp\libcr_c.a(setvbuf.o)
                0x00004ed8                setvbuf
 .text.putchar  0x00004f24       0x2c c:/nxp/mcuxpressoide_11.2.0_4120/ide/plugins/com.nxp.mcuxpresso.tools.win32_11.2.0.202001021529/tools/bin/../lib/gcc/arm-none-eabi/9.2.1/../../../../arm-none-eabi/lib/thumb/v6-m/nofp\libcr_c.a(stdio.o)
                0x00004f24                putchar
 .text.strlen   0x00004f50       0x58 c:/nxp/mcuxpressoide_11.2.0_4120/ide/plugins/com.nxp.mcuxpresso.tools.win32_11.2.0.202001021529/tools/bin/../lib/gcc/arm-none-eabi/9.2.1/../../../../arm-none-eabi/lib/thumb/v6-m/nofp\libcr_c.a(strlen.o)
                0x00004f50                strlen
 .text.ungetc   0x00004fa8       0x3c c:/nxp/mcuxpressoide_11.2.0_4120/ide/plugins/com.nxp.mcuxpresso.tools.win32_11.2.0.202001021529/tools/bin/../lib/gcc/arm-none-eabi/9.2.1/../../../../arm-none-eabi/lib/thumb/v6-m/nofp\libcr_c.a(ungetc.o)
                0x00004fa8                ungetc
 .text.__filbuf
                0x00004fe4      0x188 c:/nxp/mcuxpressoide_11.2.0_4120/ide/plugins/com.nxp.mcuxpresso.tools.win32_11.2.0.202001021529/tools/bin/../lib/gcc/arm-none-eabi/9.2.1/../../../../arm-none-eabi/lib/thumb/v6-m/nofp\libcr_c.a(__fillbuf.o)
                0x00004fe4                __filbuf
 .text._sbrk    0x0000516c       0x44 c:/nxp/mcuxpressoide_11.2.0_4120/ide/plugins/com.nxp.mcuxpresso.tools.win32_11.2.0.202001021529/tools/bin/../lib/gcc/arm-none-eabi/9.2.1/../../../../arm-none-eabi/lib/thumb/v6-m/nofp\libcr_c.a(_cr_sbrk.o)
                0x0000516c                _sbrk
 .text._fdopen  0x000051b0       0x74 c:/nxp/mcuxpressoide_11.2.0_4120/ide/plugins/com.nxp.mcuxpresso.tools.win32_11.2.0.202001021529/tools/bin/../lib/gcc/arm-none-eabi/9.2.1/../../../../arm-none-eabi/lib/thumb/v6-m/nofp\libcr_c.a(_fdopen.o)
                0x000051b0                _fdopen
 .text._frexpl  0x00005224       0x80 c:/nxp/mcuxpressoide_11.2.0_4120/ide/plugins/com.nxp.mcuxpresso.tools.win32_11.2.0.202001021529/tools/bin/../lib/gcc/arm-none-eabi/9.2.1/../../../../arm-none-eabi/lib/thumb/v6-m/nofp\libcr_c.a(_frexpl.o)
                0x00005224                _frexpl
 .text._ldexpl  0x000052a4       0x58 c:/nxp/mcuxpressoide_11.2.0_4120/ide/plugins/com.nxp.mcuxpresso.tools.win32_11.2.0.202001021529/tools/bin/../lib/gcc/arm-none-eabi/9.2.1/../../../../arm-none-eabi/lib/thumb/v6-m/nofp\libcr_c.a(_ldexpl.o)
                0x000052a4                _ldexpl
 .text.tolower  0x000052fc       0x14 c:/nxp/mcuxpressoide_11.2.0_4120/ide/plugins/com.nxp.mcuxpresso.tools.win32_11.2.0.202001021529/tools/bin/../lib/gcc/arm-none-eabi/9.2.1/../../../../arm-none-eabi/lib/thumb/v6-m/nofp\libcr_c.a(ctype.o)
                0x000052fc                tolower
 .text.fclose   0x00005310       0x5c c:/nxp/mcuxpressoide_11.2.0_4120/ide/plugins/com.nxp.mcuxpresso.tools.win32_11.2.0.202001021529/tools/bin/../lib/gcc/arm-none-eabi/9.2.1/../../../../arm-none-eabi/lib/thumb/v6-m/nofp\libcr_c.a(fclose.o)
                0x00005310                fclose
 .text.fflush   0x0000536c       0x44 c:/nxp/mcuxpressoide_11.2.0_4120/ide/plugins/com.nxp.mcuxpresso.tools.win32_11.2.0.202001021529/tools/bin/../lib/gcc/arm-none-eabi/9.2.1/../../../../arm-none-eabi/lib/thumb/v6-m/nofp\libcr_c.a(fflush.o)
                0x0000536c                fflush
 .text.__check_heap_overflow
                0x000053b0       0x14 c:/nxp/mcuxpressoide_11.2.0_4120/ide/plugins/com.nxp.mcuxpresso.tools.win32_11.2.0.202001021529/tools/bin/../lib/gcc/arm-none-eabi/9.2.1/../../../../arm-none-eabi/lib/thumb/v6-m/nofp\libcr_c.a(_cr_check_heap.o)
                0x000053b0                __check_heap_overflow
 .text._do_fflush
                0x000053c4       0x48 c:/nxp/mcuxpressoide_11.2.0_4120/ide/plugins/com.nxp.mcuxpresso.tools.win32_11.2.0.202001021529/tools/bin/../lib/gcc/arm-none-eabi/9.2.1/../../../../arm-none-eabi/lib/thumb/v6-m/nofp\libcr_c.a(_do_fflush.o)
                0x000053c4                _do_fflush
 .text.__aeabi_dmul
                0x0000540c      0x184 c:/nxp/mcuxpressoide_11.2.0_4120/ide/plugins/com.nxp.mcuxpresso.tools.win32_11.2.0.202001021529/tools/bin/../lib/gcc/arm-none-eabi/9.2.1/thumb/v6-m/nofp\libcr_eabihelpers.a(double.o)
                0x0000540c                __aeabi_dmul
 .text.__aeabi_ddiv
                0x00005590      0x150 c:/nxp/mcuxpressoide_11.2.0_4120/ide/plugins/com.nxp.mcuxpresso.tools.win32_11.2.0.202001021529/tools/bin/../lib/gcc/arm-none-eabi/9.2.1/thumb/v6-m/nofp\libcr_eabihelpers.a(double.o)
                0x00005590                __aeabi_ddiv
 .text.__aeabi_dsub
                0x000056e0      0x1e4 c:/nxp/mcuxpressoide_11.2.0_4120/ide/plugins/com.nxp.mcuxpresso.tools.win32_11.2.0.202001021529/tools/bin/../lib/gcc/arm-none-eabi/9.2.1/thumb/v6-m/nofp\libcr_eabihelpers.a(double.o)
                0x000056e0                __aeabi_dsub
 .text.__aeabi_dadd
                0x000058c4      0x134 c:/nxp/mcuxpressoide_11.2.0_4120/ide/plugins/com.nxp.mcuxpresso.tools.win32_11.2.0.202001021529/tools/bin/../lib/gcc/arm-none-eabi/9.2.1/thumb/v6-m/nofp\libcr_eabihelpers.a(double.o)
                0x000058c4                __aeabi_dadd
 .text.__aeabi_d2f
                0x000059f8       0x60 c:/nxp/mcuxpressoide_11.2.0_4120/ide/plugins/com.nxp.mcuxpresso.tools.win32_11.2.0.202001021529/tools/bin/../lib/gcc/arm-none-eabi/9.2.1/thumb/v6-m/nofp\libcr_eabihelpers.a(double.o)
                0x000059f8                __aeabi_d2f
 .text.__aeabi_d2uiz
                0x00005a58       0x38 c:/nxp/mcuxpressoide_11.2.0_4120/ide/plugins/com.nxp.mcuxpresso.tools.win32_11.2.0.202001021529/tools/bin/../lib/gcc/arm-none-eabi/9.2.1/thumb/v6-m/nofp\libcr_eabihelpers.a(double.o)
                0x00005a58                __aeabi_d2uiz
 .text.__aeabi_dcmpeq
                0x00005a90       0x30 c:/nxp/mcuxpressoide_11.2.0_4120/ide/plugins/com.nxp.mcuxpresso.tools.win32_11.2.0.202001021529/tools/bin/../lib/gcc/arm-none-eabi/9.2.1/thumb/v6-m/nofp\libcr_eabihelpers.a(double.o)
                0x00005a90                __aeabi_dcmpeq
 .text.__aeabi_dcmpge
                0x00005ac0       0x64 c:/nxp/mcuxpressoide_11.2.0_4120/ide/plugins/com.nxp.mcuxpresso.tools.win32_11.2.0.202001021529/tools/bin/../lib/gcc/arm-none-eabi/9.2.1/thumb/v6-m/nofp\libcr_eabihelpers.a(double.o)
                0x00005ac0                __aeabi_dcmpge
 .text.__aeabi_fmul
                0x00005b24       0xc0 c:/nxp/mcuxpressoide_11.2.0_4120/ide/plugins/com.nxp.mcuxpresso.tools.win32_11.2.0.202001021529/tools/bin/../lib/gcc/arm-none-eabi/9.2.1/thumb/v6-m/nofp\libcr_eabihelpers.a(float.o)
                0x00005b24                __aeabi_fmul
 .text.__aeabi_fdiv
                0x00005be4       0xe4 c:/nxp/mcuxpressoide_11.2.0_4120/ide/plugins/com.nxp.mcuxpresso.tools.win32_11.2.0.202001021529/tools/bin/../lib/gcc/arm-none-eabi/9.2.1/thumb/v6-m/nofp\libcr_eabihelpers.a(float.o)
                0x00005be4                __aeabi_fdiv
 .text.__aeabi_fsub
                0x00005cc8      0x124 c:/nxp/mcuxpressoide_11.2.0_4120/ide/plugins/com.nxp.mcuxpresso.tools.win32_11.2.0.202001021529/tools/bin/../lib/gcc/arm-none-eabi/9.2.1/thumb/v6-m/nofp\libcr_eabihelpers.a(float.o)
                0x00005cc8                __aeabi_fsub
 .text.__aeabi_fadd
                0x00005dec       0xac c:/nxp/mcuxpressoide_11.2.0_4120/ide/plugins/com.nxp.mcuxpresso.tools.win32_11.2.0.202001021529/tools/bin/../lib/gcc/arm-none-eabi/9.2.1/thumb/v6-m/nofp\libcr_eabihelpers.a(float.o)
                0x00005dec                __aeabi_fadd
 .text.UART_EnableTx
                0x00005e98       0x40 ./utilities/fsl_debug_console.o
 .text.UART_EnableRx
                0x00005ed8       0x40 ./utilities/fsl_debug_console.o
 .text.LPSCI_EnableTx
                0x00005f18       0x40 ./utilities/fsl_debug_console.o
 .text.LPSCI_EnableRx
                0x00005f58       0x40 ./utilities/fsl_debug_console.o
 .text.DbgConsole_PrintfPaddingCharacter
                0x00005f98       0x48 ./utilities/fsl_debug_console.o
 .text.DbgConsole_ConvertRadixNumToString
                0x00005fe0      0x114 ./utilities/fsl_debug_console.o
 .text.DbgConsole_PrintfFormattedData
                0x000060f4      0x33a ./utilities/fsl_debug_console.o
 .text.__sys_readc
                0x0000642e       0x34 ./source/UART.o
                0x0000642e                __sys_readc
 .text.init_mma
                0x00006462       0x16 ./source/accelerometer.o
                0x00006462                init_mma
 .text.cbfifo_capacity
                0x00006478       0x14 ./source/cbfifo.o
                0x00006478                cbfifo_capacity
 .text.delay    0x0000648c       0x30 ./source/delay.o
                0x0000648c                delay
 .text.DEFAULT_LED_STATE
                0x000064bc       0x16 ./source/gpio.o
                0x000064bc                DEFAULT_LED_STATE
 .text.INIT_TEST
                0x000064d2       0x4a ./source/gpio.o
                0x000064d2                INIT_TEST
 .text.OSC_SetExtRefClkConfig
                0x0000651c       0x3e ./drivers/fsl_clock.o
 .text.OSC_SetCapLoad
                0x0000655a       0x42 ./drivers/fsl_clock.o
 .text.CLOCK_GetPll0RefFreq
                0x0000659c       0x10 ./drivers/fsl_clock.o
 .text.CLOCK_SetExternalRefClkConfig
                0x000065ac       0x16 ./drivers/fsl_clock.o
                0x000065ac                CLOCK_SetExternalRefClkConfig
 .text.LPSCI_GetStatusFlags
                0x000065c2       0x26 ./drivers/fsl_lpsci.o
                0x000065c2                LPSCI_GetStatusFlags
 .text.UART_GetStatusFlags
                0x000065e8       0x26 ./drivers/fsl_uart.o
                0x000065e8                UART_GetStatusFlags
 .text.UART_WriteBlocking
                0x0000660e       0x3c ./drivers/fsl_uart.o
                0x0000660e                UART_WriteBlocking
 .text.BOARD_InitBootClocks
                0x0000664a        0xe ./board/clock_config.o
                0x0000664a                BOARD_InitBootClocks
 .text.BOARD_InitBootPeripherals
                0x00006658        0xa ./board/peripherals.o
                0x00006658                BOARD_InitBootPeripherals
 .text.BOARD_InitBootPins
                0x00006662        0xe ./board/pin_mux.o
                0x00006662                BOARD_InitBootPins
 .text.int_to_hexchar
                0x00006670       0x3e ./CMSIS/hexdump.o
 .text.hexdump  0x000066ae      0x172 ./CMSIS/hexdump.o
                0x000066ae                hexdump
 .text.__main   0x00006820        0xc c:/nxp/mcuxpressoide_11.2.0_4120/ide/plugins/com.nxp.mcuxpresso.tools.win32_11.2.0.202001021529/tools/bin/../lib/gcc/arm-none-eabi/9.2.1/../../../../arm-none-eabi/lib/thumb/v6-m/nofp\libcr_nohost_nf.a(_cr__main.o)
                0x00006820                __main
 .text.memset   0x0000682c        0x8 c:/nxp/mcuxpressoide_11.2.0_4120/ide/plugins/com.nxp.mcuxpresso.tools.win32_11.2.0.202001021529/tools/bin/../lib/gcc/arm-none-eabi/9.2.1/../../../../arm-none-eabi/lib/thumb/v6-m/nofp\libcr_c.a(memset.o)
                0x0000682c                memset
 .text.free     0x00006834       0x2c c:/nxp/mcuxpressoide_11.2.0_4120/ide/plugins/com.nxp.mcuxpresso.tools.win32_11.2.0.202001021529/tools/bin/../lib/gcc/arm-none-eabi/9.2.1/../../../../arm-none-eabi/lib/thumb/v6-m/nofp\libcr_c.a(alloc.o)
                0x00006834                free
 .text.no_fp_display
                0x00006860        0x4 c:/nxp/mcuxpressoide_11.2.0_4120/ide/plugins/com.nxp.mcuxpresso.tools.win32_11.2.0.202001021529/tools/bin/../lib/gcc/arm-none-eabi/9.2.1/../../../../arm-none-eabi/lib/thumb/v6-m/nofp\libcr_c.a(printf.o)
 .text.sscanf   0x00006864       0x3c c:/nxp/mcuxpressoide_11.2.0_4120/ide/plugins/com.nxp.mcuxpresso.tools.win32_11.2.0.202001021529/tools/bin/../lib/gcc/arm-none-eabi/9.2.1/../../../../arm-none-eabi/lib/thumb/v6-m/nofp\libcr_c.a(scanf.o)
                0x00006864                sscanf
 .text.strcasecmp
                0x000068a0       0x32 c:/nxp/mcuxpressoide_11.2.0_4120/ide/plugins/com.nxp.mcuxpresso.tools.win32_11.2.0.202001021529/tools/bin/../lib/gcc/arm-none-eabi/9.2.1/../../../../arm-none-eabi/lib/thumb/v6-m/nofp\libcr_c.a(strcasecmp.o)
                0x000068a0                strcasecmp
 .text.strstr   0x000068d2       0x24 c:/nxp/mcuxpressoide_11.2.0_4120/ide/plugins/com.nxp.mcuxpresso.tools.win32_11.2.0.202001021529/tools/bin/../lib/gcc/arm-none-eabi/9.2.1/../../../../arm-none-eabi/lib/thumb/v6-m/nofp\libcr_c.a(strstr.o)
                0x000068d2                strstr
 .text._Csys_read_
                0x000068f6       0x24 c:/nxp/mcuxpressoide_11.2.0_4120/ide/plugins/com.nxp.mcuxpresso.tools.win32_11.2.0.202001021529/tools/bin/../lib/gcc/arm-none-eabi/9.2.1/../../../../arm-none-eabi/lib/thumb/v6-m/nofp\libcr_c.a(__fillbuf.o)
                0x000068f6                _Csys_read_
 .text.remove   0x0000691a       0x12 c:/nxp/mcuxpressoide_11.2.0_4120/ide/plugins/com.nxp.mcuxpresso.tools.win32_11.2.0.202001021529/tools/bin/../lib/gcc/arm-none-eabi/9.2.1/../../../../arm-none-eabi/lib/thumb/v6-m/nofp\libcr_c.a(remove.o)
                0x0000691a                remove
 .text.__aeabi_division_idivmod
                0x0000692c       0x78 c:/nxp/mcuxpressoide_11.2.0_4120/ide/plugins/com.nxp.mcuxpresso.tools.win32_11.2.0.202001021529/tools/bin/../lib/gcc/arm-none-eabi/9.2.1/thumb/v6-m/nofp\libcr_eabihelpers.a(division_32.o)
                0x0000692c                __aeabi_idivmod
                0x0000692c                __aeabi_idiv
                0x00006932                __aeabi_uidivmod
                0x00006932                __aeabi_uidiv
 .text.__aeabi_division_idiv0
                0x000069a4        0x2 c:/nxp/mcuxpressoide_11.2.0_4120/ide/plugins/com.nxp.mcuxpresso.tools.win32_11.2.0.202001021529/tools/bin/../lib/gcc/arm-none-eabi/9.2.1/thumb/v6-m/nofp\libcr_eabihelpers.a(division_idiv0.o)
                0x000069a4                __aeabi_idiv0
 .text.__bhs_ui2d
                0x000069a6       0x5e c:/nxp/mcuxpressoide_11.2.0_4120/ide/plugins/com.nxp.mcuxpresso.tools.win32_11.2.0.202001021529/tools/bin/../lib/gcc/arm-none-eabi/9.2.1/thumb/v6-m/nofp\libcr_eabihelpers.a(double.o)
                0x000069a6                __bhs_ui2d
 .text.__aeabi_i2d
                0x00006a04       0x18 c:/nxp/mcuxpressoide_11.2.0_4120/ide/plugins/com.nxp.mcuxpresso.tools.win32_11.2.0.202001021529/tools/bin/../lib/gcc/arm-none-eabi/9.2.1/thumb/v6-m/nofp\libcr_eabihelpers.a(double.o)
                0x00006a04                __aeabi_i2d
 .text.__aeabi_ui2d
                0x00006a1c        0xc c:/nxp/mcuxpressoide_11.2.0_4120/ide/plugins/com.nxp.mcuxpresso.tools.win32_11.2.0.202001021529/tools/bin/../lib/gcc/arm-none-eabi/9.2.1/thumb/v6-m/nofp\libcr_eabihelpers.a(double.o)
                0x00006a1c                __aeabi_ui2d
 .text.__aeabi_f2uiz
                0x00006a28       0x2a c:/nxp/mcuxpressoide_11.2.0_4120/ide/plugins/com.nxp.mcuxpresso.tools.win32_11.2.0.202001021529/tools/bin/../lib/gcc/arm-none-eabi/9.2.1/thumb/v6-m/nofp\libcr_eabihelpers.a(float.o)
                0x00006a28                __aeabi_f2uiz
 .text.__bhs_ui2f
                0x00006a52       0x62 c:/nxp/mcuxpressoide_11.2.0_4120/ide/plugins/com.nxp.mcuxpresso.tools.win32_11.2.0.202001021529/tools/bin/../lib/gcc/arm-none-eabi/9.2.1/thumb/v6-m/nofp\libcr_eabihelpers.a(float.o)
                0x00006a52                __bhs_ui2f
 .text.__aeabi_i2f
                0x00006ab4       0x18 c:/nxp/mcuxpressoide_11.2.0_4120/ide/plugins/com.nxp.mcuxpresso.tools.win32_11.2.0.202001021529/tools/bin/../lib/gcc/arm-none-eabi/9.2.1/thumb/v6-m/nofp\libcr_eabihelpers.a(float.o)
                0x00006ab4                __aeabi_i2f
 .text.__aeabi_ui2f
                0x00006acc        0xc c:/nxp/mcuxpressoide_11.2.0_4120/ide/plugins/com.nxp.mcuxpresso.tools.win32_11.2.0.202001021529/tools/bin/../lib/gcc/arm-none-eabi/9.2.1/thumb/v6-m/nofp\libcr_eabihelpers.a(float.o)
                0x00006acc                __aeabi_ui2f
 .text.__aeabi_llong_lmul
                0x00006ad8       0x2e c:/nxp/mcuxpressoide_11.2.0_4120/ide/plugins/com.nxp.mcuxpresso.tools.win32_11.2.0.202001021529/tools/bin/../lib/gcc/arm-none-eabi/9.2.1/thumb/v6-m/nofp\libcr_eabihelpers.a(llong.o)
                0x00006ad8                __aeabi_lmul
 .text.__aeabi_memset_lowlevel
                0x00006b06       0x2a c:/nxp/mcuxpressoide_11.2.0_4120/ide/plugins/com.nxp.mcuxpresso.tools.win32_11.2.0.202001021529/tools/bin/../lib/gcc/arm-none-eabi/9.2.1/thumb/v6-m/nofp\libcr_eabihelpers.a(memcpy.o)
                0x00006b06                __aeabi_lowlevel_memset
 .text.__gnu_thumb1_case_shi
                0x00006b30       0x10 c:/nxp/mcuxpressoide_11.2.0_4120/ide/plugins/com.nxp.mcuxpresso.tools.win32_11.2.0.202001021529/tools/bin/../lib/gcc/arm-none-eabi/9.2.1/thumb/v6-m/nofp\libcr_eabihelpers.a(thumb1_switch_helpers.o)
                0x00006b30                __gnu_thumb1_case_shi
 .text.__sys_appexit
                0x00006b40        0x2 c:/nxp/mcuxpressoide_11.2.0_4120/ide/plugins/com.nxp.mcuxpresso.tools.win32_11.2.0.202001021529/tools/bin/../lib/gcc/arm-none-eabi/9.2.1/../../../../arm-none-eabi/lib/thumb/v6-m/nofp\libcr_nohost_nf.a(__sys_appexit.o)
                0x00006b40                __sys_appexit
                0x00006b40                __exit
 .text.__sys_close
                0x00006b42        0x6 c:/nxp/mcuxpressoide_11.2.0_4120/ide/plugins/com.nxp.mcuxpresso.tools.win32_11.2.0.202001021529/tools/bin/../lib/gcc/arm-none-eabi/9.2.1/../../../../arm-none-eabi/lib/thumb/v6-m/nofp\libcr_nohost_nf.a(__sys_close.o)
                0x00006b42                __sys_close
 .text.__sys_flen
                0x00006b48        0x6 c:/nxp/mcuxpressoide_11.2.0_4120/ide/plugins/com.nxp.mcuxpresso.tools.win32_11.2.0.202001021529/tools/bin/../lib/gcc/arm-none-eabi/9.2.1/../../../../arm-none-eabi/lib/thumb/v6-m/nofp\libcr_nohost_nf.a(__sys_flen.o)
                0x00006b48                __sys_flen
 .text.__sys_istty
                0x00006b4e        0x6 c:/nxp/mcuxpressoide_11.2.0_4120/ide/plugins/com.nxp.mcuxpresso.tools.win32_11.2.0.202001021529/tools/bin/../lib/gcc/arm-none-eabi/9.2.1/../../../../arm-none-eabi/lib/thumb/v6-m/nofp\libcr_nohost_nf.a(__sys_istty.o)
                0x00006b4e                __sys_istty
 .text.__sys_read
                0x00006b54        0x4 c:/nxp/mcuxpressoide_11.2.0_4120/ide/plugins/com.nxp.mcuxpresso.tools.win32_11.2.0.202001021529/tools/bin/../lib/gcc/arm-none-eabi/9.2.1/../../../../arm-none-eabi/lib/thumb/v6-m/nofp\libcr_nohost_nf.a(__sys_read.o)
                0x00006b54                __sys_read
 .text.__sys_remove
                0x00006b58        0x6 c:/nxp/mcuxpressoide_11.2.0_4120/ide/plugins/com.nxp.mcuxpresso.tools.win32_11.2.0.202001021529/tools/bin/../lib/gcc/arm-none-eabi/9.2.1/../../../../arm-none-eabi/lib/thumb/v6-m/nofp\libcr_nohost_nf.a(__sys_remove.o)
                0x00006b58                __sys_remove
 .text.__sys_seek
                0x00006b5e        0x6 c:/nxp/mcuxpressoide_11.2.0_4120/ide/plugins/com.nxp.mcuxpresso.tools.win32_11.2.0.202001021529/tools/bin/../lib/gcc/arm-none-eabi/9.2.1/../../../../arm-none-eabi/lib/thumb/v6-m/nofp\libcr_nohost_nf.a(__sys_seek.o)
                0x00006b5e                __sys_seek
 .text.__sys_tmpnam
                0x00006b64        0x6 c:/nxp/mcuxpressoide_11.2.0_4120/ide/plugins/com.nxp.mcuxpresso.tools.win32_11.2.0.202001021529/tools/bin/../lib/gcc/arm-none-eabi/9.2.1/../../../../arm-none-eabi/lib/thumb/v6-m/nofp\libcr_nohost_nf.a(__sys_tmpnam.o)
                0x00006b64                __sys_tmpnam
 *(SORT_BY_ALIGNMENT(.rodata) SORT_BY_ALIGNMENT(.rodata.*) SORT_BY_ALIGNMENT(.constdata) SORT_BY_ALIGNMENT(.constdata.*))
 *fill*         0x00006b6a        0x2 ff
 .rodata.main.str1.4
                0x00006b6c       0x22 ./source/PES_Final_Project.o
 *fill*         0x00006b8e        0x2 ff
 .rodata.read_full_xyz.str1.4
                0x00006b90       0x31 ./source/accelerometer.o
 *fill*         0x00006bc1        0x3 ff
 .rodata.serial_input.str1.4
                0x00006bc4        0x7 ./source/command_line.o
 *fill*         0x00006bcb        0x1 ff
 .rodata.str1.4
                0x00006bcc       0x87 ./source/command_process.o
                                 0x8f (size before relaxing)
 *fill*         0x00006c53        0x1 ff
 .rodata.commands
                0x00006c54       0x54 ./source/command_process.o
 .rodata.author_handler.str1.4
                0x00006ca8       0x13 ./source/command_process.o
                                 0x16 (size before relaxing)
 *fill*         0x00006cbb        0x1 ff
 .rodata.temp_handler.str1.4
                0x00006cbc       0x21 ./source/command_process.o
 *fill*         0x00006cdd        0x3 ff
 .rodata.rs485_handler.str1.4
                0x00006ce0       0x87 ./source/command_process.o
 *fill*         0x00006d67        0x1 ff
 .rodata.dump_handler.str1.4
                0x00006d68       0x7a ./source/command_process.o
 *fill*         0x00006de2        0x2 ff
 .rodata.help_handler.str1.4
                0x00006de4      0x1fb ./source/command_process.o
 *fill*         0x00006fdf        0x1 ff
 .rodata.info_handler.str1.4
                0x00006fe0       0x73 ./source/command_process.o
 *fill*         0x00007053        0x1 ff
 .rodata.test_i2c.str1.4
                0x00007054       0x3f ./source/test_i2c.o
                                 0x43 (size before relaxing)
 *fill*         0x00007093        0x1 ff
 .rodata.CLOCK_GetMcgExtClkFreq.str1.4
                0x00007094       0x1f ./drivers/fsl_clock.o
 *fill*         0x000070b3        0x1 ff
 .rodata.CLOCK_GetPll0Freq.str1.4
                0x000070b4       0x1e ./drivers/fsl_clock.o
 *fill*         0x000070d2        0x2 ff
 .rodata.CLOCK_EnablePll0.str1.4
                0x000070d4       0x1a ./drivers/fsl_clock.o
 *fill*         0x000070ee        0x2 ff
 .rodata.CLOCK_SetPbeMode.str1.4
                0x000070f0       0x1b ./drivers/fsl_clock.o
 *fill*         0x0000710b        0x1 ff
 .rodata.CLOCK_BootToPeeMode.str1.4
                0x0000710c       0x1b ./drivers/fsl_clock.o
 *fill*         0x00007127        0x1 ff
 .rodata.fllFactorTable.5210
                0x00007128       0x10 ./drivers/fsl_clock.o
 .rodata.__assertion_failed.str1.4
                0x00007138        0x4 ./drivers/fsl_common.o
 .rodata.LPSCI_GetInstance.str1.4
                0x0000713c       0x37 ./drivers/fsl_lpsci.o
 *fill*         0x00007173        0x1 ff
 .rodata.LPSCI_Init.str1.4
                0x00007174       0x44 ./drivers/fsl_lpsci.o
 .rodata.LPSCI_GetDefaultConfig.str1.4
                0x000071b8       0x1a ./drivers/fsl_lpsci.o
 *fill*         0x000071d2        0x2 ff
 .rodata.LPSCI_WriteBlocking.str1.4
                0x000071d4       0x18 ./drivers/fsl_lpsci.o
 .rodata.LPSCI_ReadBlocking.str1.4
                0x000071ec       0x18 ./drivers/fsl_lpsci.o
 .rodata.s_uartBases
                0x00007204        0xc ./drivers/fsl_uart.o
 .rodata.s_uartClock
                0x00007210        0xc ./drivers/fsl_uart.o
 .rodata.UART_GetInstance.str1.4
                0x0000721c       0x2c ./drivers/fsl_uart.o
 .rodata.UART_Init.str1.4
                0x00007248       0x43 ./drivers/fsl_uart.o
 *fill*         0x0000728b        0x1 ff
 .rodata.UART_GetDefaultConfig.str1.4
                0x0000728c       0x19 ./drivers/fsl_uart.o
 *fill*         0x000072a5        0x3 ff
 .rodata.UART_ReadBlocking.str1.4
                0x000072a8       0x17 ./drivers/fsl_uart.o
 *fill*         0x000072bf        0x1 ff
 .rodata.mcgConfig_BOARD_BootClockRUN
                0x000072c0        0xa ./board/clock_config.o
                0x000072c0                mcgConfig_BOARD_BootClockRUN
 *fill*         0x000072ca        0x2 ff
 .rodata.simConfig_BOARD_BootClockRUN
                0x000072cc        0x8 ./board/clock_config.o
                0x000072cc                simConfig_BOARD_BootClockRUN
 .rodata.oscConfig_BOARD_BootClockRUN
                0x000072d4        0x8 ./board/clock_config.o
                0x000072d4                oscConfig_BOARD_BootClockRUN
 .rodata.__num_Ciob_streams
                0x000072dc        0x4 c:/nxp/mcuxpressoide_11.2.0_4120/ide/plugins/com.nxp.mcuxpresso.tools.win32_11.2.0.202001021529/tools/bin/../lib/gcc/arm-none-eabi/9.2.1/../../../../arm-none-eabi/lib/thumb/v6-m/nofp\libcr_nohost_nf.a(__ciob.o)
                0x000072dc                __num_Ciob_streams
 .rodata._Csys_alloc.str1.1
                0x000072e0       0x18 c:/nxp/mcuxpressoide_11.2.0_4120/ide/plugins/com.nxp.mcuxpresso.tools.win32_11.2.0.202001021529/tools/bin/../lib/gcc/arm-none-eabi/9.2.1/../../../../arm-none-eabi/lib/thumb/v6-m/nofp\libcr_c.a(alloc.o)
 .rodata._initio.str1.1
                0x000072f8        0x4 c:/nxp/mcuxpressoide_11.2.0_4120/ide/plugins/com.nxp.mcuxpresso.tools.win32_11.2.0.202001021529/tools/bin/../lib/gcc/arm-none-eabi/9.2.1/../../../../arm-none-eabi/lib/thumb/v6-m/nofp\libcr_c.a(initio.o)
 .rodata.__vfprintf.str1.1
                0x000072fc       0x37 c:/nxp/mcuxpressoide_11.2.0_4120/ide/plugins/com.nxp.mcuxpresso.tools.win32_11.2.0.202001021529/tools/bin/../lib/gcc/arm-none-eabi/9.2.1/../../../../arm-none-eabi/lib/thumb/v6-m/nofp\libcr_c.a(printf.o)
                                 0x38 (size before relaxing)
 .rodata.__ctype
                0x00007333      0x180 c:/nxp/mcuxpressoide_11.2.0_4120/ide/plugins/com.nxp.mcuxpresso.tools.win32_11.2.0.202001021529/tools/bin/../lib/gcc/arm-none-eabi/9.2.1/../../../../arm-none-eabi/lib/thumb/v6-m/nofp\libcr_c.a(ctype.o)
                0x00007333                __ctype
                0x000074b4                . = ALIGN (0x4)
 *fill*         0x000074b3        0x1 ff

.glue_7         0x000074b4        0x0
 .glue_7        0x000074b4        0x0 linker stubs

.glue_7t        0x000074b4        0x0
 .glue_7t       0x000074b4        0x0 linker stubs

.vfp11_veneer   0x000074b4        0x0
 .vfp11_veneer  0x000074b4        0x0 linker stubs

.v4_bx          0x000074b4        0x0
 .v4_bx         0x000074b4        0x0 linker stubs

.iplt           0x000074b4        0x0
 .iplt          0x000074b4        0x0 ./utilities/fsl_debug_console.o

.rel.dyn        0x000074b4        0x0
 .rel.iplt      0x000074b4        0x0 ./utilities/fsl_debug_console.o

.ARM.extab
 *(SORT_BY_ALIGNMENT(.ARM.extab*) SORT_BY_ALIGNMENT(.gnu.linkonce.armextab.*))

.ARM.exidx      0x000074b4        0x0
                0x000074b4                __exidx_start = .
 *(SORT_BY_ALIGNMENT(.ARM.exidx*) SORT_BY_ALIGNMENT(.gnu.linkonce.armexidx.*))
                0x000074b4                __exidx_end = .
                0x000074b4                _etext = .

.m_usb_data
 *(SORT_BY_ALIGNMENT(m_usb_bdt))

.mtb_buffer_default
                0x1ffff000       0x80
 *(SORT_BY_ALIGNMENT(.mtb*))
 .mtb.$RAM1     0x1ffff000       0x80 ./source/mtb.o
                0x1ffff000                __mtb_buffer__

.uninit_RESERVED
                0x1ffff080        0x0
                0x1ffff080                _start_uninit_RESERVED = .
 *(SORT_BY_ALIGNMENT(.bss.$RESERVED*))
                0x1ffff080                . = ALIGN (0x4)
                0x1ffff080                _end_uninit_RESERVED = .

.data           0x1ffff080       0x38 load address 0x000074b4
 FILL mask 0xff
                0x1ffff080                _data = .
                [!provide]                PROVIDE (__start_data_RAM = .)
                [!provide]                PROVIDE (__start_data_SRAM = .)
 *(SORT_BY_ALIGNMENT(vtable))
 *(SORT_BY_ALIGNMENT(.ramfunc*))
 *(SORT_BY_ALIGNMENT(CodeQuickAccess))
 *(SORT_BY_ALIGNMENT(DataQuickAccess))
 *(SORT_BY_ALIGNMENT(RamFunction))
 *(SORT_BY_ALIGNMENT(.data*))
 .data.Meter_Address
                0x1ffff080       0x28 ./source/UART.o
                0x1ffff080                Meter_Address
 .data.s_slowIrcFreq
                0x1ffff0a8        0x4 ./drivers/fsl_clock.o
 .data.SystemCoreClock
                0x1ffff0ac        0x4 ./CMSIS/system_MKL25Z4.o
                0x1ffff0ac                SystemCoreClock
 .data.neginf.4394
                0x1ffff0b0        0x4 c:/nxp/mcuxpressoide_11.2.0_4120/ide/plugins/com.nxp.mcuxpresso.tools.win32_11.2.0.202001021529/tools/bin/../lib/gcc/arm-none-eabi/9.2.1/../../../../arm-none-eabi/lib/thumb/v6-m/nofp\libcr_c.a(scanf.o)
 .data.posinf.4393
                0x1ffff0b4        0x4 c:/nxp/mcuxpressoide_11.2.0_4120/ide/plugins/com.nxp.mcuxpresso.tools.win32_11.2.0.202001021529/tools/bin/../lib/gcc/arm-none-eabi/9.2.1/../../../../arm-none-eabi/lib/thumb/v6-m/nofp\libcr_c.a(scanf.o)
                0x1ffff0b8                . = ALIGN (0x4)
                0x1ffff0b8                _edata = .
                [!provide]                PROVIDE (__end_data_RAM = .)
                [!provide]                PROVIDE (__end_data_SRAM = .)

.igot.plt       0x1ffff0b8        0x0 load address 0x000074ec
 .igot.plt      0x1ffff0b8        0x0 ./utilities/fsl_debug_console.o

.bss            0x1ffff0b8      0x990
                0x1ffff0b8                _bss = .
                [!provide]                PROVIDE (__start_bss_RAM = .)
                [!provide]                PROVIDE (__start_bss_SRAM = .)
 *(SORT_BY_ALIGNMENT(.bss*))
 .bss.s_debugConsole
                0x1ffff0b8       0x10 ./utilities/fsl_debug_console.o
 .bss.rgucTemp  0x1ffff0c8       0x64 ./source/UART.o
                0x1ffff0c8                rgucTemp
 .bss.status_flag
                0x1ffff12c        0x4 ./source/UART.o
                0x1ffff12c                status_flag
 .bss.fifo      0x1ffff130      0x818 ./source/cbfifo.o
                0x1ffff130                fifo
 .bss.data      0x1ffff948       0x14 ./source/command_process.o
                0x1ffff948                data
 .bss.lock_detect
                0x1ffff95c        0x4 ./source/i2c.o
                0x1ffff95c                lock_detect
 .bss.i2c_lock  0x1ffff960        0x4 ./source/i2c.o
                0x1ffff960                i2c_lock
 .bss.g_xtal0Freq
                0x1ffff964        0x4 ./drivers/fsl_clock.o
                0x1ffff964                g_xtal0Freq
 .bss.s_lpsciHandle
                0x1ffff968        0x4 ./drivers/fsl_lpsci.o
 .bss.s_lpsciIsr
                0x1ffff96c        0x4 ./drivers/fsl_lpsci.o
 .bss.s_uartHandle
                0x1ffff970        0xc ./drivers/fsl_uart.o
 .bss.s_uartIsr
                0x1ffff97c        0x4 ./drivers/fsl_uart.o
 .bss.__Ciob    0x1ffff980       0xb4 c:/nxp/mcuxpressoide_11.2.0_4120/ide/plugins/com.nxp.mcuxpresso.tools.win32_11.2.0.202001021529/tools/bin/../lib/gcc/arm-none-eabi/9.2.1/../../../../arm-none-eabi/lib/thumb/v6-m/nofp\libcr_nohost_nf.a(__ciob.o)
                0x1ffff980                __Ciob
 .bss.errno     0x1ffffa34        0x4 c:/nxp/mcuxpressoide_11.2.0_4120/ide/plugins/com.nxp.mcuxpresso.tools.win32_11.2.0.202001021529/tools/bin/../lib/gcc/arm-none-eabi/9.2.1/../../../../arm-none-eabi/lib/thumb/v6-m/nofp\libcr_c.a(errno.o)
                0x1ffffa34                errno
 .bss.__end_of_heap
                0x1ffffa38        0x4 c:/nxp/mcuxpressoide_11.2.0_4120/ide/plugins/com.nxp.mcuxpresso.tools.win32_11.2.0.202001021529/tools/bin/../lib/gcc/arm-none-eabi/9.2.1/../../../../arm-none-eabi/lib/thumb/v6-m/nofp\libcr_c.a(__init_alloc.o)
                0x1ffffa38                __end_of_heap
 .bss.__heaps   0x1ffffa3c        0x4 c:/nxp/mcuxpressoide_11.2.0_4120/ide/plugins/com.nxp.mcuxpresso.tools.win32_11.2.0.202001021529/tools/bin/../lib/gcc/arm-none-eabi/9.2.1/../../../../arm-none-eabi/lib/thumb/v6-m/nofp\libcr_c.a(__init_alloc.o)
                0x1ffffa3c                __heaps
 .bss.acc_X     0x1ffffa40        0x2 ./source/accelerometer.o
                0x1ffffa40                acc_X
 .bss.acc_Y     0x1ffffa42        0x2 ./source/accelerometer.o
                0x1ffffa42                acc_Y
 .bss.acc_Z     0x1ffffa44        0x2 ./source/accelerometer.o
                0x1ffffa44                acc_Z
 *(SORT_BY_ALIGNMENT(COMMON))
                0x1ffffa48                . = ALIGN (0x4)
 *fill*         0x1ffffa46        0x2 
                0x1ffffa48                _ebss = .
                [!provide]                PROVIDE (__end_bss_RAM = .)
                [!provide]                PROVIDE (__end_bss_SRAM = .)
                [!provide]                PROVIDE (end = .)

.noinit         0x1ffffa48        0x0
                0x1ffffa48                _noinit = .
                [!provide]                PROVIDE (__start_noinit_RAM = .)
                [!provide]                PROVIDE (__start_noinit_SRAM = .)
 *(SORT_BY_ALIGNMENT(.noinit*))
                0x1ffffa48                . = ALIGN (0x4)
                0x1ffffa48                _end_noinit = .
                [!provide]                PROVIDE (__end_noinit_RAM = .)
                [!provide]                PROVIDE (__end_noinit_SRAM = .)
                0x00000400                _HeapSize = 0x400

.heap           0x1ffffa48      0x400
                0x1ffffa48                _pvHeapStart = .
                0x1ffffe48                . = (. + _HeapSize)
 *fill*         0x1ffffa48      0x400 
                0x1ffffe48                . = ALIGN (0x4)
                0x1ffffe48                _pvHeapLimit = .
                0x00000400                _StackSize = 0x400

.heap2stackfill
                0x1ffffe48      0x400
                0x20000248                . = (. + _StackSize)
 *fill*         0x1ffffe48      0x400 

.stack          0x20002c00        0x0
                0x20002c00                _vStackBase = .
                0x20002c00                . = ALIGN (0x4)
                0x20003000                _vStackTop = (. + _StackSize)
                0x00000000                _image_start = LOADADDR (.text)
                0x000074ec                _image_end = (LOADADDR (.data) + SIZEOF (.data))
                0x000074ec                _image_size = (_image_end - _image_start)
OUTPUT(PES_Final_Project.axf elf32-littlearm)

.debug_info     0x00000000     0xb86b
 .debug_info    0x00000000      0xe72 ./utilities/fsl_debug_console.o
 .debug_info    0x00000e72      0x4df ./startup/startup_mkl25z4.o
 .debug_info    0x00001351      0x564 ./source/PES_Final_Project.o
 .debug_info    0x000018b5      0xa2b ./source/UART.o
 .debug_info    0x000022e0      0x355 ./source/accelerometer.o
 .debug_info    0x00002635      0xb7e ./source/adc.o
 .debug_info    0x000031b3      0x382 ./source/cbfifo.o
 .debug_info    0x00003535      0x24b ./source/command_line.o
 .debug_info    0x00003780      0x5aa ./source/command_process.o
 .debug_info    0x00003d2a      0x521 ./source/delay.o
 .debug_info    0x0000424b      0x8f0 ./source/gpio.o
 .debug_info    0x00004b3b      0x575 ./source/i2c.o
 .debug_info    0x000050b0       0x53 ./source/mtb.o
 .debug_info    0x00005103       0x3c ./source/semihost_hardfault.o
 .debug_info    0x0000513f      0x232 ./source/test_i2c.o
 .debug_info    0x00005371     0x1a97 ./drivers/fsl_clock.o
 .debug_info    0x00006e08      0x444 ./drivers/fsl_common.o
 .debug_info    0x0000724c     0x1469 ./drivers/fsl_lpsci.o
 .debug_info    0x000086b5     0x140a ./drivers/fsl_uart.o
 .debug_info    0x00009abf      0x6fa ./board/board.o
 .debug_info    0x0000a1b9      0xb00 ./board/clock_config.o
 .debug_info    0x0000acb9       0x3c ./board/peripherals.o
 .debug_info    0x0000acf5      0x5a3 ./board/pin_mux.o
 .debug_info    0x0000b298      0x19a ./CMSIS/hexdump.o
 .debug_info    0x0000b432      0x439 ./CMSIS/system_MKL25Z4.o

.debug_abbrev   0x00000000     0x2985
 .debug_abbrev  0x00000000      0x2d7 ./utilities/fsl_debug_console.o
 .debug_abbrev  0x000002d7      0x18d ./startup/startup_mkl25z4.o
 .debug_abbrev  0x00000464      0x12e ./source/PES_Final_Project.o
 .debug_abbrev  0x00000592      0x271 ./source/UART.o
 .debug_abbrev  0x00000803      0x12e ./source/accelerometer.o
 .debug_abbrev  0x00000931      0x20d ./source/adc.o
 .debug_abbrev  0x00000b3e      0x204 ./source/cbfifo.o
 .debug_abbrev  0x00000d42      0x10e ./source/command_line.o
 .debug_abbrev  0x00000e50      0x16e ./source/command_process.o
 .debug_abbrev  0x00000fbe      0x13d ./source/delay.o
 .debug_abbrev  0x000010fb      0x181 ./source/gpio.o
 .debug_abbrev  0x0000127c      0x1b4 ./source/i2c.o
 .debug_abbrev  0x00001430       0x46 ./source/mtb.o
 .debug_abbrev  0x00001476       0x31 ./source/semihost_hardfault.o
 .debug_abbrev  0x000014a7       0xc3 ./source/test_i2c.o
 .debug_abbrev  0x0000156a      0x36f ./drivers/fsl_clock.o
 .debug_abbrev  0x000018d9      0x275 ./drivers/fsl_common.o
 .debug_abbrev  0x00001b4e      0x309 ./drivers/fsl_lpsci.o
 .debug_abbrev  0x00001e57      0x323 ./drivers/fsl_uart.o
 .debug_abbrev  0x0000217a      0x185 ./board/board.o
 .debug_abbrev  0x000022ff      0x220 ./board/clock_config.o
 .debug_abbrev  0x0000251f       0x31 ./board/peripherals.o
 .debug_abbrev  0x00002550      0x1bb ./board/pin_mux.o
 .debug_abbrev  0x0000270b      0x124 ./CMSIS/hexdump.o
 .debug_abbrev  0x0000282f      0x156 ./CMSIS/system_MKL25Z4.o

.debug_aranges  0x00000000      0xa80
 .debug_aranges
                0x00000000       0x90 ./utilities/fsl_debug_console.o
 .debug_aranges
                0x00000090      0x160 ./startup/startup_mkl25z4.o
 .debug_aranges
                0x000001f0       0x20 ./source/PES_Final_Project.o
 .debug_aranges
                0x00000210       0x70 ./source/UART.o
 .debug_aranges
                0x00000280       0x38 ./source/accelerometer.o
 .debug_aranges
                0x000002b8       0x38 ./source/adc.o
 .debug_aranges
                0x000002f0       0x40 ./source/cbfifo.o
 .debug_aranges
                0x00000330       0x20 ./source/command_line.o
 .debug_aranges
                0x00000350       0x58 ./source/command_process.o
 .debug_aranges
                0x000003a8       0x20 ./source/delay.o
 .debug_aranges
                0x000003c8       0x88 ./source/gpio.o
 .debug_aranges
                0x00000450       0x58 ./source/i2c.o
 .debug_aranges
                0x000004a8       0x18 ./source/mtb.o
 .debug_aranges
                0x000004c0       0x20 ./source/semihost_hardfault.o
 .debug_aranges
                0x000004e0       0x20 ./source/test_i2c.o
 .debug_aranges
                0x00000500      0x1d8 ./drivers/fsl_clock.o
 .debug_aranges
                0x000006d8       0x38 ./drivers/fsl_common.o
 .debug_aranges
                0x00000710      0x118 ./drivers/fsl_lpsci.o
 .debug_aranges
                0x00000828      0x130 ./drivers/fsl_uart.o
 .debug_aranges
                0x00000958       0x28 ./board/board.o
 .debug_aranges
                0x00000980       0x58 ./board/clock_config.o
 .debug_aranges
                0x000009d8       0x20 ./board/peripherals.o
 .debug_aranges
                0x000009f8       0x38 ./board/pin_mux.o
 .debug_aranges
                0x00000a30       0x28 ./CMSIS/hexdump.o
 .debug_aranges
                0x00000a58       0x28 ./CMSIS/system_MKL25Z4.o

.debug_ranges   0x00000000      0x8e8
 .debug_ranges  0x00000000       0x80 ./utilities/fsl_debug_console.o
 .debug_ranges  0x00000080      0x150 ./startup/startup_mkl25z4.o
 .debug_ranges  0x000001d0       0x10 ./source/PES_Final_Project.o
 .debug_ranges  0x000001e0       0x60 ./source/UART.o
 .debug_ranges  0x00000240       0x28 ./source/accelerometer.o
 .debug_ranges  0x00000268       0x28 ./source/adc.o
 .debug_ranges  0x00000290       0x30 ./source/cbfifo.o
 .debug_ranges  0x000002c0       0x10 ./source/command_line.o
 .debug_ranges  0x000002d0       0x48 ./source/command_process.o
 .debug_ranges  0x00000318       0x10 ./source/delay.o
 .debug_ranges  0x00000328       0x78 ./source/gpio.o
 .debug_ranges  0x000003a0       0x48 ./source/i2c.o
 .debug_ranges  0x000003e8       0x10 ./source/semihost_hardfault.o
 .debug_ranges  0x000003f8       0x10 ./source/test_i2c.o
 .debug_ranges  0x00000408      0x1c8 ./drivers/fsl_clock.o
 .debug_ranges  0x000005d0       0x28 ./drivers/fsl_common.o
 .debug_ranges  0x000005f8      0x108 ./drivers/fsl_lpsci.o
 .debug_ranges  0x00000700      0x120 ./drivers/fsl_uart.o
 .debug_ranges  0x00000820       0x18 ./board/board.o
 .debug_ranges  0x00000838       0x48 ./board/clock_config.o
 .debug_ranges  0x00000880       0x10 ./board/peripherals.o
 .debug_ranges  0x00000890       0x28 ./board/pin_mux.o
 .debug_ranges  0x000008b8       0x18 ./CMSIS/hexdump.o
 .debug_ranges  0x000008d0       0x18 ./CMSIS/system_MKL25Z4.o

.debug_macro    0x00000000     0xebda
 .debug_macro   0x00000000      0x127 ./utilities/fsl_debug_console.o
 .debug_macro   0x00000127      0xab4 ./utilities/fsl_debug_console.o
 .debug_macro   0x00000bdb       0x10 ./utilities/fsl_debug_console.o
 .debug_macro   0x00000beb       0x16 ./utilities/fsl_debug_console.o
 .debug_macro   0x00000c01       0x10 ./utilities/fsl_debug_console.o
 .debug_macro   0x00000c11      0x12e ./utilities/fsl_debug_console.o
 .debug_macro   0x00000d3f       0x28 ./utilities/fsl_debug_console.o
 .debug_macro   0x00000d67       0xc4 ./utilities/fsl_debug_console.o
 .debug_macro   0x00000e2b       0x16 ./utilities/fsl_debug_console.o
 .debug_macro   0x00000e41       0x22 ./utilities/fsl_debug_console.o
 .debug_macro   0x00000e63      0x5b3 ./utilities/fsl_debug_console.o
 .debug_macro   0x00001416       0x10 ./utilities/fsl_debug_console.o
 .debug_macro   0x00001426       0x3f ./utilities/fsl_debug_console.o
 .debug_macro   0x00001465       0x3a ./utilities/fsl_debug_console.o
 .debug_macro   0x0000149f       0x26 ./utilities/fsl_debug_console.o
 .debug_macro   0x000014c5      0x329 ./utilities/fsl_debug_console.o
 .debug_macro   0x000017ee       0x30 ./utilities/fsl_debug_console.o
 .debug_macro   0x0000181e     0x51e2 ./utilities/fsl_debug_console.o
 .debug_macro   0x00006a00     0x1352 ./utilities/fsl_debug_console.o
 .debug_macro   0x00007d52       0x3a ./utilities/fsl_debug_console.o
 .debug_macro   0x00007d8c       0xf4 ./utilities/fsl_debug_console.o
 .debug_macro   0x00007e80       0x35 ./utilities/fsl_debug_console.o
 .debug_macro   0x00007eb5       0x2e ./utilities/fsl_debug_console.o
 .debug_macro   0x00007ee3       0x10 ./utilities/fsl_debug_console.o
 .debug_macro   0x00007ef3       0x10 ./utilities/fsl_debug_console.o
 .debug_macro   0x00007f03       0x29 ./startup/startup_mkl25z4.o
 .debug_macro   0x00007f2c      0x1d9 ./source/PES_Final_Project.o
 .debug_macro   0x00008105       0xd8 ./source/PES_Final_Project.o
 .debug_macro   0x000081dd       0x16 ./source/PES_Final_Project.o
 .debug_macro   0x000081f3       0x10 ./source/PES_Final_Project.o
 .debug_macro   0x00008203      0x112 ./source/PES_Final_Project.o
 .debug_macro   0x00008315       0x34 ./source/PES_Final_Project.o
 .debug_macro   0x00008349       0x10 ./source/PES_Final_Project.o
 .debug_macro   0x00008359       0x22 ./source/PES_Final_Project.o
 .debug_macro   0x0000837b       0x58 ./source/PES_Final_Project.o
 .debug_macro   0x000083d3       0x40 ./source/PES_Final_Project.o
 .debug_macro   0x00008413       0xfc ./source/UART.o
 .debug_macro   0x0000850f       0x34 ./source/UART.o
 .debug_macro   0x00008543       0xd3 ./source/accelerometer.o
 .debug_macro   0x00008616       0x3f ./source/accelerometer.o
 .debug_macro   0x00008655     0x51e2 ./source/accelerometer.o
 .debug_macro   0x0000d837      0x15e ./source/adc.o
 .debug_macro   0x0000d995       0xbc ./source/cbfifo.o
 .debug_macro   0x0000da51      0x112 ./source/command_line.o
 .debug_macro   0x0000db63       0xd2 ./source/command_line.o
 .debug_macro   0x0000dc35      0x109 ./source/command_process.o
 .debug_macro   0x0000dd3e       0x7c ./source/command_process.o
 .debug_macro   0x0000ddba      0x13b ./source/delay.o
 .debug_macro   0x0000def5      0x167 ./source/gpio.o
 .debug_macro   0x0000e05c       0x91 ./source/i2c.o
 .debug_macro   0x0000e0ed       0x2f ./source/mtb.o
 .debug_macro   0x0000e11c       0x82 ./source/mtb.o
 .debug_macro   0x0000e19e       0x10 ./source/mtb.o
 .debug_macro   0x0000e1ae       0x11 ./source/semihost_hardfault.o
 .debug_macro   0x0000e1bf       0xb7 ./source/test_i2c.o
 .debug_macro   0x0000e276      0x196 ./drivers/fsl_clock.o
 .debug_macro   0x0000e40c       0x1c ./drivers/fsl_clock.o
 .debug_macro   0x0000e428       0xef ./drivers/fsl_common.o
 .debug_macro   0x0000e517       0xec ./drivers/fsl_lpsci.o
 .debug_macro   0x0000e603       0xf2 ./drivers/fsl_uart.o
 .debug_macro   0x0000e6f5      0x112 ./board/board.o
 .debug_macro   0x0000e807      0x123 ./board/clock_config.o
 .debug_macro   0x0000e92a       0x1b ./board/peripherals.o
 .debug_macro   0x0000e945      0x107 ./board/pin_mux.o
 .debug_macro   0x0000ea4c       0x10 ./board/pin_mux.o
 .debug_macro   0x0000ea5c       0xea ./CMSIS/hexdump.o
 .debug_macro   0x0000eb46       0x94 ./CMSIS/system_MKL25Z4.o

.debug_line     0x00000000     0x84aa
 .debug_line    0x00000000      0xc9e ./utilities/fsl_debug_console.o
 .debug_line    0x00000c9e      0x1e7 ./startup/startup_mkl25z4.o
 .debug_line    0x00000e85      0x512 ./source/PES_Final_Project.o
 .debug_line    0x00001397      0x5d7 ./source/UART.o
 .debug_line    0x0000196e      0x3b6 ./source/accelerometer.o
 .debug_line    0x00001d24      0x5a9 ./source/adc.o
 .debug_line    0x000022cd      0x3df ./source/cbfifo.o
 .debug_line    0x000026ac      0x31b ./source/command_line.o
 .debug_line    0x000029c7      0x4bd ./source/command_process.o
 .debug_line    0x00002e84      0x423 ./source/delay.o
 .debug_line    0x000032a7      0x57f ./source/gpio.o
 .debug_line    0x00003826      0x3d8 ./source/i2c.o
 .debug_line    0x00003bfe       0xd1 ./source/mtb.o
 .debug_line    0x00003ccf       0x59 ./source/semihost_hardfault.o
 .debug_line    0x00003d28      0x273 ./source/test_i2c.o
 .debug_line    0x00003f9b     0x1305 ./drivers/fsl_clock.o
 .debug_line    0x000052a0      0x453 ./drivers/fsl_common.o
 .debug_line    0x000056f3      0xd7e ./drivers/fsl_lpsci.o
 .debug_line    0x00006471      0xd6d ./drivers/fsl_uart.o
 .debug_line    0x000071de      0x3c7 ./board/board.o
 .debug_line    0x000075a5      0x40b ./board/clock_config.o
 .debug_line    0x000079b0       0x5c ./board/peripherals.o
 .debug_line    0x00007a0c      0x392 ./board/pin_mux.o
 .debug_line    0x00007d9e      0x3d9 ./CMSIS/hexdump.o
 .debug_line    0x00008177      0x333 ./CMSIS/system_MKL25Z4.o

.debug_str      0x00000000    0x36bae
 .debug_str     0x00000000    0x31517 ./utilities/fsl_debug_console.o
                              0x317c5 (size before relaxing)
 .debug_str     0x00031517      0x3e1 ./startup/startup_mkl25z4.o
                               0x3218 (size before relaxing)
 .debug_str     0x000318f8     0x1382 ./source/PES_Final_Project.o
                              0x31a51 (size before relaxing)
 .debug_str     0x00032c7a      0x45f ./source/UART.o
                              0x2936e (size before relaxing)
 .debug_str     0x000330d9       0x5f ./source/accelerometer.o
                              0x29944 (size before relaxing)
 .debug_str     0x00033138       0xb3 ./source/adc.o
                              0x31d71 (size before relaxing)
 .debug_str     0x000331eb       0xfb ./source/cbfifo.o
                              0x28f87 (size before relaxing)
 .debug_str     0x000332e6       0x72 ./source/command_line.o
                              0x292af (size before relaxing)
 .debug_str     0x00033358      0x358 ./source/command_process.o
                              0x2975c (size before relaxing)
 .debug_str     0x000336b0       0x18 ./source/delay.o
                              0x316d2 (size before relaxing)
 .debug_str     0x000336c8      0x100 ./source/gpio.o
                              0x318b7 (size before relaxing)
 .debug_str     0x000337c8       0xa6 ./source/i2c.o
                              0x2907e (size before relaxing)
 .debug_str     0x0003386e      0x532 ./source/mtb.o
                               0x3324 (size before relaxing)
 .debug_str     0x00033da0       0x1f ./source/semihost_hardfault.o
                               0x2e11 (size before relaxing)
 .debug_str     0x00033dbf       0x1e ./source/test_i2c.o
                              0x29361 (size before relaxing)
 .debug_str     0x00033ddd     0x14d2 ./drivers/fsl_clock.o
                              0x3231f (size before relaxing)
 .debug_str     0x000352af       0xe1 ./drivers/fsl_common.o
                              0x30906 (size before relaxing)
 .debug_str     0x00035390      0x953 ./drivers/fsl_lpsci.o
                              0x31927 (size before relaxing)
 .debug_str     0x00035ce3      0x832 ./drivers/fsl_uart.o
                              0x3194a (size before relaxing)
 .debug_str     0x00036515       0x4c ./board/board.o
                              0x31464 (size before relaxing)
 .debug_str     0x00036561      0x300 ./board/clock_config.o
                              0x3124d (size before relaxing)
 .debug_str     0x00036861       0x31 ./board/peripherals.o
                               0x2e22 (size before relaxing)
 .debug_str     0x00036892      0x1e1 ./board/pin_mux.o
                              0x309b0 (size before relaxing)
 .debug_str     0x00036a73       0xec ./CMSIS/hexdump.o
                              0x28f88 (size before relaxing)
 .debug_str     0x00036b5f       0x4f ./CMSIS/system_MKL25Z4.o
                              0x2fc89 (size before relaxing)

.comment        0x00000000       0x79
 .comment       0x00000000       0x79 ./utilities/fsl_debug_console.o
                                 0x7a (size before relaxing)
 .comment       0x00000079       0x7a ./startup/startup_mkl25z4.o
 .comment       0x00000079       0x7a ./source/PES_Final_Project.o
 .comment       0x00000079       0x7a ./source/UART.o
 .comment       0x00000079       0x7a ./source/accelerometer.o
 .comment       0x00000079       0x7a ./source/adc.o
 .comment       0x00000079       0x7a ./source/cbfifo.o
 .comment       0x00000079       0x7a ./source/command_line.o
 .comment       0x00000079       0x7a ./source/command_process.o
 .comment       0x00000079       0x7a ./source/delay.o
 .comment       0x00000079       0x7a ./source/gpio.o
 .comment       0x00000079       0x7a ./source/i2c.o
 .comment       0x00000079       0x7a ./source/mtb.o
 .comment       0x00000079       0x7a ./source/semihost_hardfault.o
 .comment       0x00000079       0x7a ./source/test_i2c.o
 .comment       0x00000079       0x7a ./drivers/fsl_clock.o
 .comment       0x00000079       0x7a ./drivers/fsl_common.o
 .comment       0x00000079       0x7a ./drivers/fsl_lpsci.o
 .comment       0x00000079       0x7a ./drivers/fsl_uart.o
 .comment       0x00000079       0x7a ./board/board.o
 .comment       0x00000079       0x7a ./board/clock_config.o
 .comment       0x00000079       0x7a ./board/peripherals.o
 .comment       0x00000079       0x7a ./board/pin_mux.o
 .comment       0x00000079       0x7a ./CMSIS/hexdump.o
 .comment       0x00000079       0x7a ./CMSIS/system_MKL25Z4.o
 .comment       0x00000079       0x7a c:/nxp/mcuxpressoide_11.2.0_4120/ide/plugins/com.nxp.mcuxpresso.tools.win32_11.2.0.202001021529/tools/bin/../lib/gcc/arm-none-eabi/9.2.1/../../../../arm-none-eabi/lib/thumb/v6-m/nofp\libcr_nohost_nf.a(__ciob.o)
 .comment       0x00000079       0x7a c:/nxp/mcuxpressoide_11.2.0_4120/ide/plugins/com.nxp.mcuxpresso.tools.win32_11.2.0.202001021529/tools/bin/../lib/gcc/arm-none-eabi/9.2.1/../../../../arm-none-eabi/lib/thumb/v6-m/nofp\libcr_nohost_nf.a(_cr__main.o)
 .comment       0x00000079       0x7a c:/nxp/mcuxpressoide_11.2.0_4120/ide/plugins/com.nxp.mcuxpresso.tools.win32_11.2.0.202001021529/tools/bin/../lib/gcc/arm-none-eabi/9.2.1/../../../../arm-none-eabi/lib/thumb/v6-m/nofp\libcr_c.a(memset.o)
 .comment       0x00000079       0x7a c:/nxp/mcuxpressoide_11.2.0_4120/ide/plugins/com.nxp.mcuxpresso.tools.win32_11.2.0.202001021529/tools/bin/../lib/gcc/arm-none-eabi/9.2.1/../../../../arm-none-eabi/lib/thumb/v6-m/nofp\libcr_c.a(_deferredlazyseek.o)
 .comment       0x00000079       0x7a c:/nxp/mcuxpressoide_11.2.0_4120/ide/plugins/com.nxp.mcuxpresso.tools.win32_11.2.0.202001021529/tools/bin/../lib/gcc/arm-none-eabi/9.2.1/../../../../arm-none-eabi/lib/thumb/v6-m/nofp\libcr_c.a(_fflush.o)
 .comment       0x00000079       0x7a c:/nxp/mcuxpressoide_11.2.0_4120/ide/plugins/com.nxp.mcuxpresso.tools.win32_11.2.0.202001021529/tools/bin/../lib/gcc/arm-none-eabi/9.2.1/../../../../arm-none-eabi/lib/thumb/v6-m/nofp\libcr_c.a(_writebuf.o)
 .comment       0x00000079       0x7a c:/nxp/mcuxpressoide_11.2.0_4120/ide/plugins/com.nxp.mcuxpresso.tools.win32_11.2.0.202001021529/tools/bin/../lib/gcc/arm-none-eabi/9.2.1/../../../../arm-none-eabi/lib/thumb/v6-m/nofp\libcr_c.a(alloc.o)
 .comment       0x00000079       0x7a c:/nxp/mcuxpressoide_11.2.0_4120/ide/plugins/com.nxp.mcuxpresso.tools.win32_11.2.0.202001021529/tools/bin/../lib/gcc/arm-none-eabi/9.2.1/../../../../arm-none-eabi/lib/thumb/v6-m/nofp\libcr_c.a(errno.o)
 .comment       0x00000079       0x7a c:/nxp/mcuxpressoide_11.2.0_4120/ide/plugins/com.nxp.mcuxpresso.tools.win32_11.2.0.202001021529/tools/bin/../lib/gcc/arm-none-eabi/9.2.1/../../../../arm-none-eabi/lib/thumb/v6-m/nofp\libcr_c.a(fseek.o)
 .comment       0x00000079       0x7a c:/nxp/mcuxpressoide_11.2.0_4120/ide/plugins/com.nxp.mcuxpresso.tools.win32_11.2.0.202001021529/tools/bin/../lib/gcc/arm-none-eabi/9.2.1/../../../../arm-none-eabi/lib/thumb/v6-m/nofp\libcr_c.a(ftell.o)
 .comment       0x00000079       0x7a c:/nxp/mcuxpressoide_11.2.0_4120/ide/plugins/com.nxp.mcuxpresso.tools.win32_11.2.0.202001021529/tools/bin/../lib/gcc/arm-none-eabi/9.2.1/../../../../arm-none-eabi/lib/thumb/v6-m/nofp\libcr_c.a(initio.o)
 .comment       0x00000079       0x7a c:/nxp/mcuxpressoide_11.2.0_4120/ide/plugins/com.nxp.mcuxpresso.tools.win32_11.2.0.202001021529/tools/bin/../lib/gcc/arm-none-eabi/9.2.1/../../../../arm-none-eabi/lib/thumb/v6-m/nofp\libcr_c.a(printf.o)
 .comment       0x00000079       0x7a c:/nxp/mcuxpressoide_11.2.0_4120/ide/plugins/com.nxp.mcuxpresso.tools.win32_11.2.0.202001021529/tools/bin/../lib/gcc/arm-none-eabi/9.2.1/../../../../arm-none-eabi/lib/thumb/v6-m/nofp\libcr_c.a(scanf.o)
 .comment       0x00000079       0x7a c:/nxp/mcuxpressoide_11.2.0_4120/ide/plugins/com.nxp.mcuxpresso.tools.win32_11.2.0.202001021529/tools/bin/../lib/gcc/arm-none-eabi/9.2.1/../../../../arm-none-eabi/lib/thumb/v6-m/nofp\libcr_c.a(setvbuf.o)
 .comment       0x00000079       0x7a c:/nxp/mcuxpressoide_11.2.0_4120/ide/plugins/com.nxp.mcuxpresso.tools.win32_11.2.0.202001021529/tools/bin/../lib/gcc/arm-none-eabi/9.2.1/../../../../arm-none-eabi/lib/thumb/v6-m/nofp\libcr_c.a(stdio.o)
 .comment       0x00000079       0x7a c:/nxp/mcuxpressoide_11.2.0_4120/ide/plugins/com.nxp.mcuxpresso.tools.win32_11.2.0.202001021529/tools/bin/../lib/gcc/arm-none-eabi/9.2.1/../../../../arm-none-eabi/lib/thumb/v6-m/nofp\libcr_c.a(strcasecmp.o)
 .comment       0x00000079       0x7a c:/nxp/mcuxpressoide_11.2.0_4120/ide/plugins/com.nxp.mcuxpresso.tools.win32_11.2.0.202001021529/tools/bin/../lib/gcc/arm-none-eabi/9.2.1/../../../../arm-none-eabi/lib/thumb/v6-m/nofp\libcr_c.a(strlen.o)
 .comment       0x00000079       0x7a c:/nxp/mcuxpressoide_11.2.0_4120/ide/plugins/com.nxp.mcuxpresso.tools.win32_11.2.0.202001021529/tools/bin/../lib/gcc/arm-none-eabi/9.2.1/../../../../arm-none-eabi/lib/thumb/v6-m/nofp\libcr_c.a(strstr.o)
 .comment       0x00000079       0x7a c:/nxp/mcuxpressoide_11.2.0_4120/ide/plugins/com.nxp.mcuxpresso.tools.win32_11.2.0.202001021529/tools/bin/../lib/gcc/arm-none-eabi/9.2.1/../../../../arm-none-eabi/lib/thumb/v6-m/nofp\libcr_c.a(ungetc.o)
 .comment       0x00000079       0x7a c:/nxp/mcuxpressoide_11.2.0_4120/ide/plugins/com.nxp.mcuxpresso.tools.win32_11.2.0.202001021529/tools/bin/../lib/gcc/arm-none-eabi/9.2.1/../../../../arm-none-eabi/lib/thumb/v6-m/nofp\libcr_c.a(__fillbuf.o)
 .comment       0x00000079       0x7a c:/nxp/mcuxpressoide_11.2.0_4120/ide/plugins/com.nxp.mcuxpresso.tools.win32_11.2.0.202001021529/tools/bin/../lib/gcc/arm-none-eabi/9.2.1/../../../../arm-none-eabi/lib/thumb/v6-m/nofp\libcr_c.a(__init_alloc.o)
 .comment       0x00000079       0x7a c:/nxp/mcuxpressoide_11.2.0_4120/ide/plugins/com.nxp.mcuxpresso.tools.win32_11.2.0.202001021529/tools/bin/../lib/gcc/arm-none-eabi/9.2.1/../../../../arm-none-eabi/lib/thumb/v6-m/nofp\libcr_c.a(_cr_sbrk.o)
 .comment       0x00000079       0x7a c:/nxp/mcuxpressoide_11.2.0_4120/ide/plugins/com.nxp.mcuxpresso.tools.win32_11.2.0.202001021529/tools/bin/../lib/gcc/arm-none-eabi/9.2.1/../../../../arm-none-eabi/lib/thumb/v6-m/nofp\libcr_c.a(_fdopen.o)
 .comment       0x00000079       0x7a c:/nxp/mcuxpressoide_11.2.0_4120/ide/plugins/com.nxp.mcuxpresso.tools.win32_11.2.0.202001021529/tools/bin/../lib/gcc/arm-none-eabi/9.2.1/../../../../arm-none-eabi/lib/thumb/v6-m/nofp\libcr_c.a(_frexpl.o)
 .comment       0x00000079       0x7a c:/nxp/mcuxpressoide_11.2.0_4120/ide/plugins/com.nxp.mcuxpresso.tools.win32_11.2.0.202001021529/tools/bin/../lib/gcc/arm-none-eabi/9.2.1/../../../../arm-none-eabi/lib/thumb/v6-m/nofp\libcr_c.a(_ldexpl.o)
 .comment       0x00000079       0x7a c:/nxp/mcuxpressoide_11.2.0_4120/ide/plugins/com.nxp.mcuxpresso.tools.win32_11.2.0.202001021529/tools/bin/../lib/gcc/arm-none-eabi/9.2.1/../../../../arm-none-eabi/lib/thumb/v6-m/nofp\libcr_c.a(ctype.o)
 .comment       0x00000079       0x7a c:/nxp/mcuxpressoide_11.2.0_4120/ide/plugins/com.nxp.mcuxpresso.tools.win32_11.2.0.202001021529/tools/bin/../lib/gcc/arm-none-eabi/9.2.1/../../../../arm-none-eabi/lib/thumb/v6-m/nofp\libcr_c.a(fclose.o)
 .comment       0x00000079       0x7a c:/nxp/mcuxpressoide_11.2.0_4120/ide/plugins/com.nxp.mcuxpresso.tools.win32_11.2.0.202001021529/tools/bin/../lib/gcc/arm-none-eabi/9.2.1/../../../../arm-none-eabi/lib/thumb/v6-m/nofp\libcr_c.a(fflush.o)
 .comment       0x00000079       0x7a c:/nxp/mcuxpressoide_11.2.0_4120/ide/plugins/com.nxp.mcuxpresso.tools.win32_11.2.0.202001021529/tools/bin/../lib/gcc/arm-none-eabi/9.2.1/../../../../arm-none-eabi/lib/thumb/v6-m/nofp\libcr_c.a(remove.o)
 .comment       0x00000079       0x7a c:/nxp/mcuxpressoide_11.2.0_4120/ide/plugins/com.nxp.mcuxpresso.tools.win32_11.2.0.202001021529/tools/bin/../lib/gcc/arm-none-eabi/9.2.1/../../../../arm-none-eabi/lib/thumb/v6-m/nofp\libcr_c.a(_cr_check_heap.o)
 .comment       0x00000079       0x7a c:/nxp/mcuxpressoide_11.2.0_4120/ide/plugins/com.nxp.mcuxpresso.tools.win32_11.2.0.202001021529/tools/bin/../lib/gcc/arm-none-eabi/9.2.1/../../../../arm-none-eabi/lib/thumb/v6-m/nofp\libcr_c.a(_do_fflush.o)
 .comment       0x00000079       0x7a c:/nxp/mcuxpressoide_11.2.0_4120/ide/plugins/com.nxp.mcuxpresso.tools.win32_11.2.0.202001021529/tools/bin/../lib/gcc/arm-none-eabi/9.2.1/thumb/v6-m/nofp\libcr_eabihelpers.a(double.o)
 .comment       0x00000079       0x7a c:/nxp/mcuxpressoide_11.2.0_4120/ide/plugins/com.nxp.mcuxpresso.tools.win32_11.2.0.202001021529/tools/bin/../lib/gcc/arm-none-eabi/9.2.1/thumb/v6-m/nofp\libcr_eabihelpers.a(float.o)
 .comment       0x00000079       0x7a c:/nxp/mcuxpressoide_11.2.0_4120/ide/plugins/com.nxp.mcuxpresso.tools.win32_11.2.0.202001021529/tools/bin/../lib/gcc/arm-none-eabi/9.2.1/../../../../arm-none-eabi/lib/thumb/v6-m/nofp\libcr_nohost_nf.a(__sys_appexit.o)
 .comment       0x00000079       0x7a c:/nxp/mcuxpressoide_11.2.0_4120/ide/plugins/com.nxp.mcuxpresso.tools.win32_11.2.0.202001021529/tools/bin/../lib/gcc/arm-none-eabi/9.2.1/../../../../arm-none-eabi/lib/thumb/v6-m/nofp\libcr_nohost_nf.a(__sys_close.o)
 .comment       0x00000079       0x7a c:/nxp/mcuxpressoide_11.2.0_4120/ide/plugins/com.nxp.mcuxpresso.tools.win32_11.2.0.202001021529/tools/bin/../lib/gcc/arm-none-eabi/9.2.1/../../../../arm-none-eabi/lib/thumb/v6-m/nofp\libcr_nohost_nf.a(__sys_flen.o)
 .comment       0x00000079       0x7a c:/nxp/mcuxpressoide_11.2.0_4120/ide/plugins/com.nxp.mcuxpresso.tools.win32_11.2.0.202001021529/tools/bin/../lib/gcc/arm-none-eabi/9.2.1/../../../../arm-none-eabi/lib/thumb/v6-m/nofp\libcr_nohost_nf.a(__sys_istty.o)
 .comment       0x00000079       0x7a c:/nxp/mcuxpressoide_11.2.0_4120/ide/plugins/com.nxp.mcuxpresso.tools.win32_11.2.0.202001021529/tools/bin/../lib/gcc/arm-none-eabi/9.2.1/../../../../arm-none-eabi/lib/thumb/v6-m/nofp\libcr_nohost_nf.a(__sys_read.o)
 .comment       0x00000079       0x7a c:/nxp/mcuxpressoide_11.2.0_4120/ide/plugins/com.nxp.mcuxpresso.tools.win32_11.2.0.202001021529/tools/bin/../lib/gcc/arm-none-eabi/9.2.1/../../../../arm-none-eabi/lib/thumb/v6-m/nofp\libcr_nohost_nf.a(__sys_remove.o)
 .comment       0x00000079       0x7a c:/nxp/mcuxpressoide_11.2.0_4120/ide/plugins/com.nxp.mcuxpresso.tools.win32_11.2.0.202001021529/tools/bin/../lib/gcc/arm-none-eabi/9.2.1/../../../../arm-none-eabi/lib/thumb/v6-m/nofp\libcr_nohost_nf.a(__sys_seek.o)
 .comment       0x00000079       0x7a c:/nxp/mcuxpressoide_11.2.0_4120/ide/plugins/com.nxp.mcuxpresso.tools.win32_11.2.0.202001021529/tools/bin/../lib/gcc/arm-none-eabi/9.2.1/../../../../arm-none-eabi/lib/thumb/v6-m/nofp\libcr_nohost_nf.a(__sys_tmpnam.o)

.ARM.attributes
                0x00000000       0x2a
 .ARM.attributes
                0x00000000       0x2c ./utilities/fsl_debug_console.o
 .ARM.attributes
                0x0000002c       0x2c ./startup/startup_mkl25z4.o
 .ARM.attributes
                0x00000058       0x2c ./source/PES_Final_Project.o
 .ARM.attributes
                0x00000084       0x2c ./source/UART.o
 .ARM.attributes
                0x000000b0       0x2c ./source/accelerometer.o
 .ARM.attributes
                0x000000dc       0x2c ./source/adc.o
 .ARM.attributes
                0x00000108       0x2c ./source/cbfifo.o
 .ARM.attributes
                0x00000134       0x2c ./source/command_line.o
 .ARM.attributes
                0x00000160       0x2c ./source/command_process.o
 .ARM.attributes
                0x0000018c       0x2c ./source/delay.o
 .ARM.attributes
                0x000001b8       0x2c ./source/gpio.o
 .ARM.attributes
                0x000001e4       0x2c ./source/i2c.o
 .ARM.attributes
                0x00000210       0x32 ./source/mtb.o
 .ARM.attributes
                0x00000242       0x2c ./source/semihost_hardfault.o
 .ARM.attributes
                0x0000026e       0x2c ./source/test_i2c.o
 .ARM.attributes
                0x0000029a       0x2c ./drivers/fsl_clock.o
 .ARM.attributes
                0x000002c6       0x2c ./drivers/fsl_common.o
 .ARM.attributes
                0x000002f2       0x2c ./drivers/fsl_lpsci.o
 .ARM.attributes
                0x0000031e       0x2c ./drivers/fsl_uart.o
 .ARM.attributes
                0x0000034a       0x2c ./board/board.o
 .ARM.attributes
                0x00000376       0x2c ./board/clock_config.o
 .ARM.attributes
                0x000003a2       0x2c ./board/peripherals.o
 .ARM.attributes
                0x000003ce       0x2c ./board/pin_mux.o
 .ARM.attributes
                0x000003fa       0x2c ./CMSIS/hexdump.o
 .ARM.attributes
                0x00000426       0x2c ./CMSIS/system_MKL25Z4.o
 .ARM.attributes
                0x00000452       0x31 c:/nxp/mcuxpressoide_11.2.0_4120/ide/plugins/com.nxp.mcuxpresso.tools.win32_11.2.0.202001021529/tools/bin/../lib/gcc/arm-none-eabi/9.2.1/../../../../arm-none-eabi/lib/thumb/v6-m/nofp\libcr_nohost_nf.a(__ciob.o)
 .ARM.attributes
                0x00000483       0x2c c:/nxp/mcuxpressoide_11.2.0_4120/ide/plugins/com.nxp.mcuxpresso.tools.win32_11.2.0.202001021529/tools/bin/../lib/gcc/arm-none-eabi/9.2.1/../../../../arm-none-eabi/lib/thumb/v6-m/nofp\libcr_nohost_nf.a(_cr__main.o)
 .ARM.attributes
                0x000004af       0x2c c:/nxp/mcuxpressoide_11.2.0_4120/ide/plugins/com.nxp.mcuxpresso.tools.win32_11.2.0.202001021529/tools/bin/../lib/gcc/arm-none-eabi/9.2.1/../../../../arm-none-eabi/lib/thumb/v6-m/nofp\libcr_c.a(memset.o)
 .ARM.attributes
                0x000004db       0x2c c:/nxp/mcuxpressoide_11.2.0_4120/ide/plugins/com.nxp.mcuxpresso.tools.win32_11.2.0.202001021529/tools/bin/../lib/gcc/arm-none-eabi/9.2.1/../../../../arm-none-eabi/lib/thumb/v6-m/nofp\libcr_c.a(_deferredlazyseek.o)
 .ARM.attributes
                0x00000507       0x2c c:/nxp/mcuxpressoide_11.2.0_4120/ide/plugins/com.nxp.mcuxpresso.tools.win32_11.2.0.202001021529/tools/bin/../lib/gcc/arm-none-eabi/9.2.1/../../../../arm-none-eabi/lib/thumb/v6-m/nofp\libcr_c.a(_fflush.o)
 .ARM.attributes
                0x00000533       0x2c c:/nxp/mcuxpressoide_11.2.0_4120/ide/plugins/com.nxp.mcuxpresso.tools.win32_11.2.0.202001021529/tools/bin/../lib/gcc/arm-none-eabi/9.2.1/../../../../arm-none-eabi/lib/thumb/v6-m/nofp\libcr_c.a(_writebuf.o)
 .ARM.attributes
                0x0000055f       0x2c c:/nxp/mcuxpressoide_11.2.0_4120/ide/plugins/com.nxp.mcuxpresso.tools.win32_11.2.0.202001021529/tools/bin/../lib/gcc/arm-none-eabi/9.2.1/../../../../arm-none-eabi/lib/thumb/v6-m/nofp\libcr_c.a(alloc.o)
 .ARM.attributes
                0x0000058b       0x31 c:/nxp/mcuxpressoide_11.2.0_4120/ide/plugins/com.nxp.mcuxpresso.tools.win32_11.2.0.202001021529/tools/bin/../lib/gcc/arm-none-eabi/9.2.1/../../../../arm-none-eabi/lib/thumb/v6-m/nofp\libcr_c.a(errno.o)
 .ARM.attributes
                0x000005bc       0x2c c:/nxp/mcuxpressoide_11.2.0_4120/ide/plugins/com.nxp.mcuxpresso.tools.win32_11.2.0.202001021529/tools/bin/../lib/gcc/arm-none-eabi/9.2.1/../../../../arm-none-eabi/lib/thumb/v6-m/nofp\libcr_c.a(fseek.o)
 .ARM.attributes
                0x000005e8       0x2c c:/nxp/mcuxpressoide_11.2.0_4120/ide/plugins/com.nxp.mcuxpresso.tools.win32_11.2.0.202001021529/tools/bin/../lib/gcc/arm-none-eabi/9.2.1/../../../../arm-none-eabi/lib/thumb/v6-m/nofp\libcr_c.a(ftell.o)
 .ARM.attributes
                0x00000614       0x2c c:/nxp/mcuxpressoide_11.2.0_4120/ide/plugins/com.nxp.mcuxpresso.tools.win32_11.2.0.202001021529/tools/bin/../lib/gcc/arm-none-eabi/9.2.1/../../../../arm-none-eabi/lib/thumb/v6-m/nofp\libcr_c.a(initio.o)
 .ARM.attributes
                0x00000640       0x2c c:/nxp/mcuxpressoide_11.2.0_4120/ide/plugins/com.nxp.mcuxpresso.tools.win32_11.2.0.202001021529/tools/bin/../lib/gcc/arm-none-eabi/9.2.1/../../../../arm-none-eabi/lib/thumb/v6-m/nofp\libcr_c.a(printf.o)
 .ARM.attributes
                0x0000066c       0x2c c:/nxp/mcuxpressoide_11.2.0_4120/ide/plugins/com.nxp.mcuxpresso.tools.win32_11.2.0.202001021529/tools/bin/../lib/gcc/arm-none-eabi/9.2.1/../../../../arm-none-eabi/lib/thumb/v6-m/nofp\libcr_c.a(scanf.o)
 .ARM.attributes
                0x00000698       0x2c c:/nxp/mcuxpressoide_11.2.0_4120/ide/plugins/com.nxp.mcuxpresso.tools.win32_11.2.0.202001021529/tools/bin/../lib/gcc/arm-none-eabi/9.2.1/../../../../arm-none-eabi/lib/thumb/v6-m/nofp\libcr_c.a(setvbuf.o)
 .ARM.attributes
                0x000006c4       0x2c c:/nxp/mcuxpressoide_11.2.0_4120/ide/plugins/com.nxp.mcuxpresso.tools.win32_11.2.0.202001021529/tools/bin/../lib/gcc/arm-none-eabi/9.2.1/../../../../arm-none-eabi/lib/thumb/v6-m/nofp\libcr_c.a(stdio.o)
 .ARM.attributes
                0x000006f0       0x2c c:/nxp/mcuxpressoide_11.2.0_4120/ide/plugins/com.nxp.mcuxpresso.tools.win32_11.2.0.202001021529/tools/bin/../lib/gcc/arm-none-eabi/9.2.1/../../../../arm-none-eabi/lib/thumb/v6-m/nofp\libcr_c.a(strcasecmp.o)
 .ARM.attributes
                0x0000071c       0x2c c:/nxp/mcuxpressoide_11.2.0_4120/ide/plugins/com.nxp.mcuxpresso.tools.win32_11.2.0.202001021529/tools/bin/../lib/gcc/arm-none-eabi/9.2.1/../../../../arm-none-eabi/lib/thumb/v6-m/nofp\libcr_c.a(strlen.o)
 .ARM.attributes
                0x00000748       0x2c c:/nxp/mcuxpressoide_11.2.0_4120/ide/plugins/com.nxp.mcuxpresso.tools.win32_11.2.0.202001021529/tools/bin/../lib/gcc/arm-none-eabi/9.2.1/../../../../arm-none-eabi/lib/thumb/v6-m/nofp\libcr_c.a(strstr.o)
 .ARM.attributes
                0x00000774       0x2c c:/nxp/mcuxpressoide_11.2.0_4120/ide/plugins/com.nxp.mcuxpresso.tools.win32_11.2.0.202001021529/tools/bin/../lib/gcc/arm-none-eabi/9.2.1/../../../../arm-none-eabi/lib/thumb/v6-m/nofp\libcr_c.a(ungetc.o)
 .ARM.attributes
                0x000007a0       0x2c c:/nxp/mcuxpressoide_11.2.0_4120/ide/plugins/com.nxp.mcuxpresso.tools.win32_11.2.0.202001021529/tools/bin/../lib/gcc/arm-none-eabi/9.2.1/../../../../arm-none-eabi/lib/thumb/v6-m/nofp\libcr_c.a(__fillbuf.o)
 .ARM.attributes
                0x000007cc       0x2c c:/nxp/mcuxpressoide_11.2.0_4120/ide/plugins/com.nxp.mcuxpresso.tools.win32_11.2.0.202001021529/tools/bin/../lib/gcc/arm-none-eabi/9.2.1/../../../../arm-none-eabi/lib/thumb/v6-m/nofp\libcr_c.a(__init_alloc.o)
 .ARM.attributes
                0x000007f8       0x2c c:/nxp/mcuxpressoide_11.2.0_4120/ide/plugins/com.nxp.mcuxpresso.tools.win32_11.2.0.202001021529/tools/bin/../lib/gcc/arm-none-eabi/9.2.1/../../../../arm-none-eabi/lib/thumb/v6-m/nofp\libcr_c.a(_cr_sbrk.o)
 .ARM.attributes
                0x00000824       0x2c c:/nxp/mcuxpressoide_11.2.0_4120/ide/plugins/com.nxp.mcuxpresso.tools.win32_11.2.0.202001021529/tools/bin/../lib/gcc/arm-none-eabi/9.2.1/../../../../arm-none-eabi/lib/thumb/v6-m/nofp\libcr_c.a(_fdopen.o)
 .ARM.attributes
                0x00000850       0x2c c:/nxp/mcuxpressoide_11.2.0_4120/ide/plugins/com.nxp.mcuxpresso.tools.win32_11.2.0.202001021529/tools/bin/../lib/gcc/arm-none-eabi/9.2.1/../../../../arm-none-eabi/lib/thumb/v6-m/nofp\libcr_c.a(_frexpl.o)
 .ARM.attributes
                0x0000087c       0x2c c:/nxp/mcuxpressoide_11.2.0_4120/ide/plugins/com.nxp.mcuxpresso.tools.win32_11.2.0.202001021529/tools/bin/../lib/gcc/arm-none-eabi/9.2.1/../../../../arm-none-eabi/lib/thumb/v6-m/nofp\libcr_c.a(_ldexpl.o)
 .ARM.attributes
                0x000008a8       0x2c c:/nxp/mcuxpressoide_11.2.0_4120/ide/plugins/com.nxp.mcuxpresso.tools.win32_11.2.0.202001021529/tools/bin/../lib/gcc/arm-none-eabi/9.2.1/../../../../arm-none-eabi/lib/thumb/v6-m/nofp\libcr_c.a(ctype.o)
 .ARM.attributes
                0x000008d4       0x2c c:/nxp/mcuxpressoide_11.2.0_4120/ide/plugins/com.nxp.mcuxpresso.tools.win32_11.2.0.202001021529/tools/bin/../lib/gcc/arm-none-eabi/9.2.1/../../../../arm-none-eabi/lib/thumb/v6-m/nofp\libcr_c.a(fclose.o)
 .ARM.attributes
                0x00000900       0x2c c:/nxp/mcuxpressoide_11.2.0_4120/ide/plugins/com.nxp.mcuxpresso.tools.win32_11.2.0.202001021529/tools/bin/../lib/gcc/arm-none-eabi/9.2.1/../../../../arm-none-eabi/lib/thumb/v6-m/nofp\libcr_c.a(fflush.o)
 .ARM.attributes